 Reversi

 Timestamp is 5446c658 (Tue Oct 21 22:47:20 2014)

 Preferred load address is 00400000

 Start         Length     Name                   Class
 0001:00000000 0003093dH .textbss                DATA
 0002:00000000 00064904H .text$mn                CODE
 0002:00064910 00001139H .text$x                 CODE
 0003:00000000 00000104H .CRT$XCA                DATA
 0003:00000104 00000104H .CRT$XCZ                DATA
 0003:00000208 00000104H .CRT$XIA                DATA
 0003:0000030c 00000113H .CRT$XIC                DATA
 0003:00000420 00000104H .CRT$XIY                DATA
 0003:00000524 00000104H .CRT$XIZ                DATA
 0003:00000628 00000104H .CRT$XPA                DATA
 0003:0000072c 00000109H .CRT$XPX                DATA
 0003:00000838 00000104H .CRT$XPXA               DATA
 0003:0000093c 00000104H .CRT$XPZ                DATA
 0003:00000a40 00000104H .CRT$XTA                DATA
 0003:00000b44 00000104H .CRT$XTZ                DATA
 0003:00000c50 0001185bH .rdata                  DATA
 0003:000124ac 000001b6H .rdata$debug            DATA
 0003:00012664 00000563H .rdata$r                DATA
 0003:00012bc8 00000104H .rtc$IAA                DATA
 0003:00012ccc 00000109H .rtc$IMZ                DATA
 0003:00012dd8 00000104H .rtc$IZZ                DATA
 0003:00012edc 00000104H .rtc$TAA                DATA
 0003:00012fe0 00000109H .rtc$TMZ                DATA
 0003:000130ec 00000104H .rtc$TZZ                DATA
 0003:000131f0 00000d3fH .xdata$x                DATA
 0003:00013f2f 00000000H .edata                  DATA
 0004:00000000 00001a1cH .data                   DATA
 0004:00001a1c 00000293H .data$r                 DATA
 0004:00001cc0 000032d4H .bss                    DATA
 0005:00000000 00000378H .idata$5                DATA
 0005:00000378 00000050H .idata$2                DATA
 0005:000003c8 00000014H .idata$3                DATA
 0005:000003dc 00000378H .idata$4                DATA
 0005:00000754 00000c7bH .idata$6                DATA
 0006:00000000 00000636H .rsrc$01                DATA
 0006:00000640 00001c13H .rsrc$02                DATA

  Address         Publics by Value              Rva+Base       Lib:Object

 0000:00000000       ___guard_flags             00000000     <absolute>
 0000:00000000       __except_list              00000000     <absolute>
 0000:00000000       ___safe_se_handler_count   00000000     <absolute>
 0000:00000000       ___guard_fids_table        00000000     <absolute>
 0000:00000000       ___guard_fids_count        00000000     <absolute>
 0000:00000000       ___safe_se_handler_table   00000000     <absolute>
 0000:00000000       ___ImageBase               00400000     <linker-defined>
 0001:00000000       __enc$textbss$begin        00401000     <linker-defined>
 0001:0003093d       __enc$textbss$end          0043193d     <linker-defined>
 0002:00002df0       _finalscore@12             00434df0 f   rev.obj
 0002:00002ec0       _legalcheck@16             00434ec0 f   rev.obj
 0002:00002fe0       _makemove@16               00434fe0 f   rev.obj
 0002:00003120       _minmax@28                 00435120 f   rev.obj
 0002:00003570       _score@12                  00435570 f   rev.obj
 0002:00003970       _AboutDlgProc@16           00435970 f   reversi.obj
 0002:00003a00       _CchString                 00435a00 f   reversi.obj
 0002:00003a80       _ChangeRev@8               00435a80 f   reversi.obj
 0002:00003ce0       _ClearMessageTop@4         00435ce0 f   reversi.obj
 0002:00003dd0       _DoHelp                    00435dd0 f   reversi.obj
 0002:00004080       _Error                     00436080 f   reversi.obj
 0002:00004100       _ErrorIds                  00436100 f   reversi.obj
 0002:000041c0       _FlashMessageTop@4         004361c0 f   reversi.obj
 0002:00004250       _ForceWndRedraw@4          00436250 f   reversi.obj
 0002:000043e0       _InverseMessage@16         004363e0 f   reversi.obj
 0002:00004500       _Next@8                    00436500 f   reversi.obj
 0002:00004580       _Previous@8                00436580 f   reversi.obj
 0002:00004600       _RevChar@8                 00436600 f   reversi.obj
 0002:00004b20       _RevCreate@4               00436b20 f   reversi.obj
 0002:00004d00       _RevInit@4                 00436d00 f   reversi.obj
 0002:00005340       _RevMenu@8                 00437340 f   reversi.obj
 0002:00005a30       _RevMessage@20             00437a30 f   reversi.obj
 0002:00005b90       _RevMouseClick@12          00437b90 f   reversi.obj
 0002:00005ed0       _RevMouseMove@8            00437ed0 f   reversi.obj
 0002:00006040       _RevPaint@8                00438040 f   reversi.obj
 0002:000062f0       _ReversiWndProc@16         004382f0 f   reversi.obj
 0002:00006b10       _ShowBestMove@4            00438b10 f   reversi.obj
 0002:00006e80       _ShowMessageTop@8          00438e80 f   reversi.obj
 0002:00006f10       _ShowNextMove@8            00438f10 f   reversi.obj
 0002:00007140       _UpdateCursor@4            00439140 f   reversi.obj
 0002:00007230       _checkdepth@8              00439230 f   reversi.obj
 0002:000072e0       _clearboard@4              004392e0 f   reversi.obj
 0002:00007450       _drawboard@4               00439450 f   reversi.obj
 0002:00007910       _flashsqr@32               00439910 f   reversi.obj
 0002:00007b00       _gameover@16               00439b00 f   reversi.obj
 0002:00007d90       _msgcheck@0                00439d90 f   reversi.obj
 0002:00007ec0       _paintmove@16              00439ec0 f   reversi.obj
 0002:00008240       _printboard@4              0043a240 f   reversi.obj
 0002:00008400       _wWinMain@16               0043a400 f   reversi.obj
 0002:0000879d       ?StringCchCopyA@@YGJPADIPBD@Z 0043a79d f i htmlhelp:init.obj
 0002:0000888c       _HtmlHelpA@16              0043a88c f   htmlhelp:init.obj
 0002:00008998       _HtmlHelpW@16              0043a998 f   htmlhelp:init.obj
 0002:00008aa4       _GetSystemDefaultLangID@0  0043aaa4 f   kernel32:KERNEL32.dll
 0002:00008aaa       _LoadLibraryExA@12         0043aaaa f   kernel32:KERNEL32.dll
 0002:00008ab0       _GetProcAddress@8          0043aab0 f   kernel32:KERNEL32.dll
 0002:00008ab6       _ExpandEnvironmentStringsA@12 0043aab6 f   kernel32:KERNEL32.dll
 0002:00008abc       _GetDCEx@12                0043aabc f   user32:USER32.dll
 0002:00008ac2       _ReleaseDC@8               0043aac2 f   user32:USER32.dll
 0002:00008ac8       _GetWindowRgn@8            0043aac8 f   user32:USER32.dll
 0002:00008ace       _LoadStringW@16            0043aace f   user32:USER32.dll
 0002:00008ad4       _GetMessageW@16            0043aad4 f   user32:USER32.dll
 0002:00008ada       _TranslateMessage@4        0043aada f   user32:USER32.dll
 0002:00008ae0       _DispatchMessageW@4        0043aae0 f   user32:USER32.dll
 0002:00008ae6       _PeekMessageW@20           0043aae6 f   user32:USER32.dll
 0002:00008aec       _SendMessageW@16           0043aaec f   user32:USER32.dll
 0002:00008af2       _PostMessageW@16           0043aaf2 f   user32:USER32.dll
 0002:00008af8       _DefWindowProcW@16         0043aaf8 f   user32:USER32.dll
 0002:00008afe       _PostQuitMessage@4         0043aafe f   user32:USER32.dll
 0002:00008b04       _RegisterClassExW@4        0043ab04 f   user32:USER32.dll
 0002:00008b0a       _GetClassInfoExW@12        0043ab0a f   user32:USER32.dll
 0002:00008b10       _CreateWindowExW@48        0043ab10 f   user32:USER32.dll
 0002:00008b16       _ShowWindowAsync@8         0043ab16 f   user32:USER32.dll
 0002:00008b1c       _IsIconic@4                0043ab1c f   user32:USER32.dll
 0002:00008b22       _DialogBoxParamW@20        0043ab22 f   user32:USER32.dll
 0002:00008b28       _EndDialog@8               0043ab28 f   user32:USER32.dll
 0002:00008b2e       _SetFocus@4                0043ab2e f   user32:USER32.dll
 0002:00008b34       _GetKeyState@4             0043ab34 f   user32:USER32.dll
 0002:00008b3a       _SetCapture@4              0043ab3a f   user32:USER32.dll
 0002:00008b40       _ReleaseCapture@0          0043ab40 f   user32:USER32.dll
 0002:00008b46       _SetTimer@16               0043ab46 f   user32:USER32.dll
 0002:00008b4c       _KillTimer@8               0043ab4c f   user32:USER32.dll
 0002:00008b52       _LoadAcceleratorsW@8       0043ab52 f   user32:USER32.dll
 0002:00008b58       _TranslateAcceleratorW@12  0043ab58 f   user32:USER32.dll
 0002:00008b5e       _GetSystemMetrics@4        0043ab5e f   user32:USER32.dll
 0002:00008b64       _GetMenu@4                 0043ab64 f   user32:USER32.dll
 0002:00008b6a       _CheckMenuItem@12          0043ab6a f   user32:USER32.dll
 0002:00008b70       _EnableMenuItem@12         0043ab70 f   user32:USER32.dll
 0002:00008b76       _UpdateWindow@4            0043ab76 f   user32:USER32.dll
 0002:00008b7c       _BeginPaint@8              0043ab7c f   user32:USER32.dll
 0002:00008b82       _EndPaint@8                0043ab82 f   user32:USER32.dll
 0002:00008b88       _InvalidateRect@12         0043ab88 f   user32:USER32.dll
 0002:00008b8e       _RedrawWindow@16           0043ab8e f   user32:USER32.dll
 0002:00008b94       _SetWindowTextW@8          0043ab94 f   user32:USER32.dll
 0002:00008b9a       _GetClientRect@8           0043ab9a f   user32:USER32.dll
 0002:00008ba0       _GetWindowRect@8           0043aba0 f   user32:USER32.dll
 0002:00008ba6       _MessageBoxExW@20          0043aba6 f   user32:USER32.dll
 0002:00008bac       _ShowCursor@4              0043abac f   user32:USER32.dll
 0002:00008bb2       _SetCursorPos@8            0043abb2 f   user32:USER32.dll
 0002:00008bb8       _SetCursor@4               0043abb8 f   user32:USER32.dll
 0002:00008bbe       _ClientToScreen@8          0043abbe f   user32:USER32.dll
 0002:00008bc4       _GetDesktopWindow@0        0043abc4 f   user32:USER32.dll
 0002:00008bca       _LoadBitmapW@8             0043abca f   user32:USER32.dll
 0002:00008bd0       _LoadCursorW@8             0043abd0 f   user32:USER32.dll
 0002:00008bd6       _LoadIconW@8               0043abd6 f   user32:USER32.dll
 0002:00008bdc       _ChangeDisplaySettingsExW@20 0043abdc f   user32:USER32.dll
 0002:00008be2       _CreatePatternBrush@4      0043abe2 f   gdi32:GDI32.dll
 0002:00008be8       _CreateSolidBrush@4        0043abe8 f   gdi32:GDI32.dll
 0002:00008bee       _DeleteObject@4            0043abee f   gdi32:GDI32.dll
 0002:00008bf4       _Ellipse@20                0043abf4 f   gdi32:GDI32.dll
 0002:00008bfa       _GetStockObject@4          0043abfa f   gdi32:GDI32.dll
 0002:00008c00       _LineTo@12                 0043ac00 f   gdi32:GDI32.dll
 0002:00008c06       _PatBlt@24                 0043ac06 f   gdi32:GDI32.dll
 0002:00008c0c       _SelectObject@8            0043ac0c f   gdi32:GDI32.dll
 0002:00008c12       _SetBkColor@8              0043ac12 f   gdi32:GDI32.dll
 0002:00008c18       _SetBkMode@8               0043ac18 f   gdi32:GDI32.dll
 0002:00008c1e       _GetTextMetricsW@8         0043ac1e f   gdi32:GDI32.dll
 0002:00008c24       _MoveToEx@16               0043ac24 f   gdi32:GDI32.dll
 0002:00008c2a       _RegCloseKey@4             0043ac2a f   advapi32:ADVAPI32.dll
 0002:00008c30       _RegOpenKeyExA@20          0043ac30 f   advapi32:ADVAPI32.dll
 0002:00008c36       _RegQueryValueExA@24       0043ac36 f   advapi32:ADVAPI32.dll
 0002:00008c40       @_RTC_AllocaHelper@12      0043ac40 f   LIBCMTD:stack.obj
 0002:00008c80       @_RTC_CheckStackVars2@12   0043ac80 f   LIBCMTD:stack.obj
 0002:00008d90       @_RTC_CheckStackVars@8     0043ad90 f   LIBCMTD:stack.obj
 0002:00008e00       __RTC_CheckEsp             0043ae00 f   LIBCMTD:stack.obj
 0002:00008e30       __RTC_InitBase             0043ae30 f   LIBCMTD:init.obj
 0002:00008e70       __RTC_Shutdown             0043ae70 f   LIBCMTD:init.obj
 0002:00008e90       _memset                    0043ae90 f   LIBCMTD:memset.obj
 0002:00008f50       ___copy_path_to_wide_string 0043af50 f   LIBCMTD:crt0dat.obj
 0002:000091b0       ___copy_to_char            0043b1b0 f   LIBCMTD:crt0dat.obj
 0002:00009420       ___crtCorExitProcess       0043b420 f   LIBCMTD:crt0dat.obj
 0002:00009470       ___crtExitProcess          0043b470 f   LIBCMTD:crt0dat.obj
 0002:000094a0       ___freeCrtMemory           0043b4a0 f   LIBCMTD:crt0dat.obj
 0002:000096e0       __amsg_exit                0043b6e0 f   LIBCMTD:crt0dat.obj
 0002:00009710       __c_exit                   0043b710 f   LIBCMTD:crt0dat.obj
 0002:00009730       __cexit                    0043b730 f   LIBCMTD:crt0dat.obj
 0002:00009750       __cinit                    0043b750 f   LIBCMTD:crt0dat.obj
 0002:00009820       __exit                     0043b820 f   LIBCMTD:crt0dat.obj
 0002:00009840       __exit_app                 0043b840 f   LIBCMTD:crt0dat.obj
 0002:00009860       __get_pgmptr               0043b860 f   LIBCMTD:crt0dat.obj
 0002:000099c0       __get_wpgmptr              0043b9c0 f   LIBCMTD:crt0dat.obj
 0002:00009b20       __init_pointers            0043bb20 f   LIBCMTD:crt0dat.obj
 0002:00009bd0       __initterm_e               0043bbd0 f   LIBCMTD:crt0dat.obj
 0002:00009c20       __lockexit                 0043bc20 f   LIBCMTD:crt0dat.obj
 0002:00009c40       __unlockexit               0043bc40 f   LIBCMTD:crt0dat.obj
 0002:00009ec0       _exit                      0043bec0 f   LIBCMTD:crt0dat.obj
 0002:00009ee0       @_RTC_Check_2_to_1@4       0043bee0 f   LIBCMTD:convert.obj
 0002:00009f20       @_RTC_Check_4_to_1@4       0043bf20 f   LIBCMTD:convert.obj
 0002:00009f60       @_RTC_Check_4_to_2@4       0043bf60 f   LIBCMTD:convert.obj
 0002:00009fa0       @_RTC_Check_8_to_1@8       0043bfa0 f   LIBCMTD:convert.obj
 0002:00009ff0       @_RTC_Check_8_to_2@8       0043bff0 f   LIBCMTD:convert.obj
 0002:0000a040       @_RTC_Check_8_to_4@8       0043c040 f   LIBCMTD:convert.obj
 0002:0000a080       @__security_check_cookie@4 0043c080 f   LIBCMTD:secchk.obj
 0002:0000a3a0       _wWinMainCRTStartup        0043c3a0 f   LIBCMTD:wwincrt0.obj
 0002:0000a3c0       ___raise_securityfailure   0043c3c0 f   LIBCMTD:gs_report.obj
 0002:0000a420       ___report_gsfailure        0043c420 f   LIBCMTD:gs_report.obj
 0002:0000a570       ___report_rangecheckfailure 0043c570 f   LIBCMTD:gs_report.obj
 0002:0000a580       ___report_securityfailure  0043c580 f   LIBCMTD:gs_report.obj
 0002:0000a690       ___report_securityfailureEx 0043c690 f   LIBCMTD:gs_report.obj
 0002:0000a9a0       ?_RTC_AllocaFailure@@YAXPAXPAU_RTC_ALLOCA_NODE@@H@Z 0043c9a0 f   LIBCMTD:error.obj
 0002:0000ab80       ?_RTC_Failure@@YAXPAXH@Z   0043cb80 f   LIBCMTD:error.obj
 0002:0000abf0       ?_RTC_StackFailure@@YAXPAXPBD@Z 0043cbf0 f   LIBCMTD:error.obj
 0002:0000b050       __RTC_UninitUse            0043d050 f   LIBCMTD:error.obj
 0002:0000b180       ?_RTC_GetErrorFunc@@YAP6AHHPBDH00ZZPBX@Z 0043d180 f   LIBCMTD:userapi.obj
 0002:0000b190       ?_RTC_GetErrorFuncW@@YAP6AHHPB_WH00ZZPBX@Z 0043d190 f   LIBCMTD:userapi.obj
 0002:0000b1a0       __RTC_GetErrDesc           0043d1a0 f   LIBCMTD:userapi.obj
 0002:0000b1c0       __RTC_NumErrors            0043d1c0 f   LIBCMTD:userapi.obj
 0002:0000b1d0       __RTC_SetErrorFunc         0043d1d0 f   LIBCMTD:userapi.obj
 0002:0000b200       __RTC_SetErrorFuncW        0043d200 f   LIBCMTD:userapi.obj
 0002:0000b230       __RTC_SetErrorType         0043d230 f   LIBCMTD:userapi.obj
 0002:0000b260       __CRT_RTC_INIT             0043d260 f   LIBCMTD:chkesp.obj
 0002:0000b270       __CRT_RTC_INITW            0043d270 f   LIBCMTD:chkesp.obj
 0002:0000b280       __chkesp                   0043d280 f   LIBCMTD:chkesp.obj
 0002:0000b2d0       __VEC_memset               0043d2d0 f   LIBCMTD:p4_memset.obj
 0002:0000b3d0       ___isa_available_init      0043d3d0 f   LIBCMTD:cpu_disp.obj
 0002:0000b720       ?_invalid_parameter@@YAXPBG00II@Z 0043d720 f   LIBCMTD:invarg.obj
 0002:0000b750       ?_invoke_watson@@YAXPBG00II@Z 0043d750 f   LIBCMTD:invarg.obj
 0002:0000b780       __call_reportfault         0043d780 f   LIBCMTD:invarg.obj
 0002:0000b930       __get_invalid_parameter_handler 0043d930 f   LIBCMTD:invarg.obj
 0002:0000b960       __initp_misc_invarg        0043d960 f   LIBCMTD:invarg.obj
 0002:0000b970       __invalid_parameter        0043d970 f   LIBCMTD:invarg.obj
 0002:0000b9e0       __invoke_watson            0043d9e0 f   LIBCMTD:invarg.obj
 0002:0000ba30       __set_invalid_parameter_handler 0043da30 f   LIBCMTD:invarg.obj
 0002:0000ba80       __RTC_Initialize           0043da80 f   LIBCMTD:initsect.obj
 0002:0000bab0       __RTC_Terminate            0043dab0 f   LIBCMTD:initsect.obj
 0002:0000bae0       __lock                     0043dae0 f   LIBCMTD:mlock.obj
 0002:0000bb30       __lockerr_exit             0043db30 f   LIBCMTD:mlock.obj
 0002:0000bb60       __mtdeletelocks            0043db60 f   LIBCMTD:mlock.obj
 0002:0000bc50       __mtinitlocknum            0043dc50 f   LIBCMTD:mlock.obj
 0002:0000bdc0       __mtinitlocks              0043ddc0 f   LIBCMTD:mlock.obj
 0002:0000be60       __unlock                   0043de60 f   LIBCMTD:mlock.obj
 0002:0000bee0       ___crtCloseThreadpoolTimer 0043dee0 f   LIBCMTD:winapisupp.obj
 0002:0000bf20       ___crtCloseThreadpoolWait  0043df20 f   LIBCMTD:winapisupp.obj
 0002:0000bf60       ___crtCreateEventExW       0043df60 f   LIBCMTD:winapisupp.obj
 0002:0000bfd0       ___crtCreateSemaphoreExW   0043dfd0 f   LIBCMTD:winapisupp.obj
 0002:0000c040       ___crtCreateSymbolicLinkW  0043e040 f   LIBCMTD:winapisupp.obj
 0002:0000c090       ___crtCreateThreadpoolTimer 0043e090 f   LIBCMTD:winapisupp.obj
 0002:0000c0e0       ___crtCreateThreadpoolWait 0043e0e0 f   LIBCMTD:winapisupp.obj
 0002:0000c130       ___crtFlsAlloc             0043e130 f   LIBCMTD:winapisupp.obj
 0002:0000c170       ___crtFlsFree              0043e170 f   LIBCMTD:winapisupp.obj
 0002:0000c1c0       ___crtFlsGetValue          0043e1c0 f   LIBCMTD:winapisupp.obj
 0002:0000c200       ___crtFlsSetValue          0043e200 f   LIBCMTD:winapisupp.obj
 0002:0000c250       ___crtFlushProcessWriteBuffers 0043e250 f   LIBCMTD:winapisupp.obj
 0002:0000c280       ___crtFreeLibraryWhenCallbackReturns 0043e280 f   LIBCMTD:winapisupp.obj
 0002:0000c2c0       ___crtGetCurrentProcessorNumber 0043e2c0 f   LIBCMTD:winapisupp.obj
 0002:0000c300       ___crtGetFileInformationByHandleEx 0043e300 f   LIBCMTD:winapisupp.obj
 0002:0000c350       ___crtGetLogicalProcessorInformation 0043e350 f   LIBCMTD:winapisupp.obj
 0002:0000c3a0       ___crtGetShowWindowMode    0043e3a0 f   LIBCMTD:winapisupp.obj
 0002:0000c3e0       ___crtGetTickCount64       0043e3e0 f   LIBCMTD:winapisupp.obj
 0002:0000c420       ___crtInitializeCriticalSectionEx 0043e420 f   LIBCMTD:winapisupp.obj
 0002:0000c480       ___crtIsPackagedApp        0043e480 f   LIBCMTD:winapisupp.obj
 0002:0000c4d0       ___crtLoadWinApiPointers   0043e4d0 f   LIBCMTD:winapisupp.obj
 0002:0000ca90       ___crtSetFileInformationByHandle 0043ea90 f   LIBCMTD:winapisupp.obj
 0002:0000cae0       ___crtSetThreadStackGuarantee 0043eae0 f   LIBCMTD:winapisupp.obj
 0002:0000cb20       ___crtSetThreadpoolTimer   0043eb20 f   LIBCMTD:winapisupp.obj
 0002:0000cb70       ___crtSetThreadpoolWait    0043eb70 f   LIBCMTD:winapisupp.obj
 0002:0000cbb0       ___crtSetUnhandledExceptionFilter 0043ebb0 f   LIBCMTD:winapisupp.obj
 0002:0000cbd0       ___crtSleep                0043ebd0 f   LIBCMTD:winapisupp.obj
 0002:0000cbf0       ___crtTerminateProcess     0043ebf0 f   LIBCMTD:winapisupp.obj
 0002:0000cc10       ___crtUnhandledException   0043ec10 f   LIBCMTD:winapisupp.obj
 0002:0000cc30       ___crtWaitForThreadpoolTimerCallbacks 0043ec30 f   LIBCMTD:winapisupp.obj
 0002:0000cc70       __FF_MSGBANNER             0043ec70 f   LIBCMTD:crt0msg.obj
 0002:0000ccd0       __GET_RTERRMSG             0043ecd0 f   LIBCMTD:crt0msg.obj
 0002:0000cd20       __NMSG_WRITE               0043ed20 f   LIBCMTD:crt0msg.obj
 0002:0000d1d0       __invoke_watson_if_error   0043f1d0 f i LIBCMTD:crt0msg.obj
 0002:0000d200       ___doserrno                0043f200 f   LIBCMTD:dosmap.obj
 0002:0000d230       __dosmaperr                0043f230 f   LIBCMTD:dosmap.obj
 0002:0000d260       __errno                    0043f260 f   LIBCMTD:dosmap.obj
 0002:0000d290       __get_doserrno             0043f290 f   LIBCMTD:dosmap.obj
 0002:0000d340       __get_errno                0043f340 f   LIBCMTD:dosmap.obj
 0002:0000d3f0       __get_errno_from_oserr     0043f3f0 f   LIBCMTD:dosmap.obj
 0002:0000d480       __set_doserrno             0043f480 f   LIBCMTD:dosmap.obj
 0002:0000d4c0       __set_errno                0043f4c0 f   LIBCMTD:dosmap.obj
 0002:0000d500       ?_CrtDbgReportW@@YAHHPBGH00ZZ 0043f500 f   LIBCMTD:dbgrptw.obj
 0002:0000d560       __CrtDbgReportW            0043f560 f   LIBCMTD:dbgrptw.obj
 0002:0000d5c0       __CrtDbgReportWV           0043f5c0 f i LIBCMTD:dbgrptw.obj
 0002:0000d600       __CrtSetReportHookW2       0043f600 f   LIBCMTD:dbgrptw.obj
 0002:0000da20       ___crtMessageWindowW       0043fa20 f   LIBCMTD:dbgrptw.obj
 0002:0000dff0       __invoke_watson_if_oneof   0043fff0 f i LIBCMTD:dbgrptw.obj
 0002:0000e040       ??0_LocaleUpdate@@QAE@PAUlocaleinfo_struct@@@Z 00440040 f i LIBCMTD:dbgheap.obj
 0002:0000e150       ??1_LocaleUpdate@@QAE@XZ   00440150 f i LIBCMTD:dbgheap.obj
 0002:0000e190       ?GetLocaleT@_LocaleUpdate@@QAEPAUlocaleinfo_struct@@XZ 00440190 f i LIBCMTD:dbgheap.obj
 0002:0000e760       __CrtCheckMemory           00440760 f   LIBCMTD:dbgheap.obj
 0002:0000ecd0       __CrtDoForAllClientObjects 00440cd0 f   LIBCMTD:dbgheap.obj
 0002:0000ee50       __CrtDumpMemoryLeaks       00440e50 f   LIBCMTD:dbgheap.obj
 0002:0000ef10       __CrtGetAllocHook          00440f10 f   LIBCMTD:dbgheap.obj
 0002:0000ef20       __CrtGetCheckCount         00440f20 f   LIBCMTD:dbgheap.obj
 0002:0000ef30       __CrtGetDumpClient         00440f30 f   LIBCMTD:dbgheap.obj
 0002:0000ef40       __CrtIsMemoryBlock         00440f40 f   LIBCMTD:dbgheap.obj
 0002:0000f110       __CrtIsValidHeapPointer    00441110 f   LIBCMTD:dbgheap.obj
 0002:0000f160       __CrtIsValidPointer        00441160 f   LIBCMTD:dbgheap.obj
 0002:0000f190       __CrtMemCheckpoint         00441190 f   LIBCMTD:dbgheap.obj
 0002:0000f450       __CrtMemDifference         00441450 f   LIBCMTD:dbgheap.obj
 0002:0000f740       __CrtMemDumpAllObjectsSince 00441740 f   LIBCMTD:dbgheap.obj
 0002:0000f790       __CrtMemDumpStatistics     00441790 f   LIBCMTD:dbgheap.obj
 0002:0000f900       __CrtReportBlockType       00441900 f   LIBCMTD:dbgheap.obj
 0002:0000f940       __CrtSetAllocHook          00441940 f   LIBCMTD:dbgheap.obj
 0002:0000f970       __CrtSetBreakAlloc         00441970 f   LIBCMTD:dbgheap.obj
 0002:0000f9a0       __CrtSetCheckCount         004419a0 f   LIBCMTD:dbgheap.obj
 0002:0000f9c0       __CrtSetDbgBlockType       004419c0 f   LIBCMTD:dbgheap.obj
 0002:0000fae0       __CrtSetDbgFlag            00441ae0 f   LIBCMTD:dbgheap.obj
 0002:0000fc80       __CrtSetDebugFillThreshold 00441c80 f   LIBCMTD:dbgheap.obj
 0002:0000fcb0       __CrtSetDumpClient         00441cb0 f   LIBCMTD:dbgheap.obj
 0002:0000fce0       __aligned_free             00441ce0 f   LIBCMTD:dbgheap.obj
 0002:0000fd00       __aligned_free_dbg         00441d00 f   LIBCMTD:dbgheap.obj
 0002:0000fde0       __aligned_malloc           00441de0 f   LIBCMTD:dbgheap.obj
 0002:0000fe10       __aligned_malloc_dbg       00441e10 f   LIBCMTD:dbgheap.obj
 0002:0000fe40       __aligned_msize            00441e40 f   LIBCMTD:dbgheap.obj
 0002:0000fe60       __aligned_msize_dbg        00441e60 f   LIBCMTD:dbgheap.obj
 0002:0000ffd0       __aligned_offset_malloc    00441fd0 f   LIBCMTD:dbgheap.obj
 0002:00010000       __aligned_offset_malloc_dbg 00442000 f   LIBCMTD:dbgheap.obj
 0002:00010250       __aligned_offset_realloc   00442250 f   LIBCMTD:dbgheap.obj
 0002:00010280       __aligned_offset_realloc_dbg 00442280 f   LIBCMTD:dbgheap.obj
 0002:00010650       __aligned_offset_recalloc  00442650 f   LIBCMTD:dbgheap.obj
 0002:00010680       __aligned_offset_recalloc_dbg 00442680 f   LIBCMTD:dbgheap.obj
 0002:00010770       __aligned_realloc          00442770 f   LIBCMTD:dbgheap.obj
 0002:000107a0       __aligned_realloc_dbg      004427a0 f   LIBCMTD:dbgheap.obj
 0002:000107d0       __aligned_recalloc         004427d0 f   LIBCMTD:dbgheap.obj
 0002:00010800       __aligned_recalloc_dbg     00442800 f   LIBCMTD:dbgheap.obj
 0002:00010830       __calloc_dbg               00442830 f   LIBCMTD:dbgheap.obj
 0002:000108a0       __calloc_dbg_impl          004428a0 f   LIBCMTD:dbgheap.obj
 0002:00010940       __expand                   00442940 f   LIBCMTD:dbgheap.obj
 0002:00010970       __expand_dbg               00442970 f   LIBCMTD:dbgheap.obj
 0002:00010ae0       __free_dbg                 00442ae0 f   LIBCMTD:dbgheap.obj
 0002:00010b80       __free_dbg_nolock          00442b80 f   LIBCMTD:dbgheap.obj
 0002:000111c0       __free_nolock              004431c0 f   LIBCMTD:dbgheap.obj
 0002:000111e0       __heap_alloc               004431e0 f   LIBCMTD:dbgheap.obj
 0002:00011200       __heap_alloc_dbg           00443200 f   LIBCMTD:dbgheap.obj
 0002:00011720       __malloc_dbg               00443720 f   LIBCMTD:dbgheap.obj
 0002:00011760       __msize                    00443760 f   LIBCMTD:dbgheap.obj
 0002:00011780       __msize_dbg                00443780 f   LIBCMTD:dbgheap.obj
 0002:00011a20       __nh_malloc                00443a20 f   LIBCMTD:dbgheap.obj
 0002:00011a50       __nh_malloc_dbg            00443a50 f   LIBCMTD:dbgheap.obj
 0002:00011d70       __realloc_dbg              00443d70 f   LIBCMTD:dbgheap.obj
 0002:00011e30       __recalloc                 00443e30 f   LIBCMTD:dbgheap.obj
 0002:00011e70       __recalloc_dbg             00443e70 f   LIBCMTD:dbgheap.obj
 0002:000126e0       __FindPESection            004446e0 f   LIBCMTD:pesect.obj
 0002:00012770       __IsNonwritableInCurrentImage 00444770 f   LIBCMTD:pesect.obj
 0002:000128f0       __ValidateImageBase        004448f0 f   LIBCMTD:pesect.obj
 0002:00012970       ___onexitinit              00444970 f   LIBCMTD:onexit.obj
 0002:000129e0       __onexit                   004449e0 f   LIBCMTD:onexit.obj
 0002:00012c10       _atexit                    00444c10 f   LIBCMTD:onexit.obj
 0002:00012c50       __initp_misc_cfltcvt_tab   00444c50 f   LIBCMTD:cmiscdat.obj
 0002:00012ca0       ?_inconsistency@@YAXXZ     00444ca0 f   LIBCMTD:hooks.obj
 0002:00012d50       ?terminate@@YAXXZ          00444d50 f   LIBCMTD:hooks.obj
 0002:00012df0       ?unexpected@@YAXXZ         00444df0 f   LIBCMTD:hooks.obj
 0002:00012e20       __initp_eh_hooks           00444e20 f   LIBCMTD:hooks.obj
 0002:00012e40       ?_query_new_handler@@YAP6AHI@ZXZ 00444e40 f   LIBCMTD:handler.obj
 0002:00012e60       ?_set_new_handler@@YAP6AHI@ZH@Z 00444e60 f   LIBCMTD:handler.obj
 0002:00012eb0       ?_set_new_handler@@YAP6AHI@ZP6AHI@Z@Z 00444eb0 f   LIBCMTD:handler.obj
 0002:00012f00       __callnewh                 00444f00 f   LIBCMTD:handler.obj
 0002:00012f50       __initp_heap_handler       00444f50 f   LIBCMTD:handler.obj
 0002:00012f60       ___getlocaleinfo           00444f60 f   LIBCMTD:inithelp.obj
 0002:00013320       __initp_misc_purevirt      00445320 f   LIBCMTD:inithelp.obj
 0002:00013330       ___fpecode                 00445330 f   LIBCMTD:winsig.obj
 0002:00013340       ___get_sigabrt             00445340 f   LIBCMTD:winsig.obj
 0002:00013360       ___pxcptinfoptrs           00445360 f   LIBCMTD:winsig.obj
 0002:00013370       __initp_misc_winsig        00445370 f   LIBCMTD:winsig.obj
 0002:000134e0       _raise                     004454e0 f   LIBCMTD:winsig.obj
 0002:00013950       _signal                    00445950 f   LIBCMTD:winsig.obj
 0002:00013df0       __initp_misc_rand_s        00445df0 f   LIBCMTD:rand_s.obj
 0002:00013e00       _rand_s                    00445e00 f   LIBCMTD:rand_s.obj
 0002:00014180       __except_handler4          00446180 f   LIBCMTD:chandler4.obj
 0002:000143b0       ___initmbctable            004463b0 f   LIBCMTD:mbctype.obj
 0002:00014b40       ___updatetmbcinfo          00446b40 f   LIBCMTD:mbctype.obj
 0002:00014ca0       __getmbcp                  00446ca0 f   LIBCMTD:mbctype.obj
 0002:00014d30       __setmbcp                  00446d30 f   LIBCMTD:mbctype.obj
 0002:00015070       __setmbcp_nolock           00447070 f   LIBCMTD:mbctype.obj
 0002:000154d0       __ftbuf                    004474d0 f   LIBCMTD:_sftbuf.obj
 0002:00015580       __stbuf                    00447580 f   LIBCMTD:_sftbuf.obj
 0002:00015750       ?__CxxUnhandledExceptionFilter@@YGJPAU_EXCEPTION_POINTERS@@@Z 00447750 f   LIBCMTD:unhandld.obj
 0002:000157d0       ___CxxSetUnhandledExceptionFilter 004477d0 f   LIBCMTD:unhandld.obj
 0002:000157f0       __XcptFilter               004477f0 f   LIBCMTD:winxfltr.obj
 0002:00015a70       ___CppXcptFilter           00447a70 f   LIBCMTD:winxfltr.obj
 0002:00015b10       ___get_flsindex            00447b10 f   LIBCMTD:tidtable.obj
 0002:00015b20       ___threadhandle            00447b20 f   LIBCMTD:tidtable.obj
 0002:00015b30       ___threadid                00447b30 f   LIBCMTD:tidtable.obj
 0002:00015b40       __freefls@4                00447b40 f   LIBCMTD:tidtable.obj
 0002:00015dc0       __freeptd                  00447dc0 f   LIBCMTD:tidtable.obj
 0002:00015e10       __getptd                   00447e10 f   LIBCMTD:tidtable.obj
 0002:00015e40       __getptd_noexit            00447e40 f   LIBCMTD:tidtable.obj
 0002:00015f20       __initptd                  00447f20 f   LIBCMTD:tidtable.obj
 0002:000160b0       __mtinit                   004480b0 f   LIBCMTD:tidtable.obj
 0002:00016190       __mtterm                   00448190 f   LIBCMTD:tidtable.obj
 0002:000161d0       __get_heap_handle          004481d0 f   LIBCMTD:heapinit.obj
 0002:00016220       __heap_init                00448220 f   LIBCMTD:heapinit.obj
 0002:00016250       __heap_term                00448250 f   LIBCMTD:heapinit.obj
 0002:00016270       __ioinit                   00448270 f   LIBCMTD:ioinit.obj
 0002:00016890       __ioterm                   00448890 f   LIBCMTD:ioinit.obj
 0002:00016960       __set_wpgmptr              00448960 f i LIBCMTD:wstdargv.obj
 0002:00016970       __wsetargv                 00448970 f   LIBCMTD:wstdargv.obj
 0002:00016eb0       __wsetenvp                 00448eb0 f   LIBCMTD:wstdenvp.obj
 0002:000170b0       ___set_app_type            004490b0 f   LIBCMTD:errmode.obj
 0002:000170c0       __set_error_mode           004490c0 f   LIBCMTD:errmode.obj
 0002:000171b0       ___security_init_cookie    004491b0 f   LIBCMTD:gs_support.obj
 0002:000172d0       ___crtGetEnvironmentStringsW 004492d0 f   LIBCMTD:w_env.obj
 0002:000173a0       __wwincmdln                004493a0 f   LIBCMTD:wwncmdln.obj
 0002:00017470       __CrtDefaultAllocHook      00449470 f   LIBCMTD:dbghook.obj
 0002:00017480       __crt_debugger_hook        00449480 f   LIBCMTD:dbghook.obj
 0002:00017a00       ?_RTC_GetSrcLine@@YAHPAEPA_WKPAH1K@Z 00449a00 f   LIBCMTD:pdblkup.obj
 0002:00017d60       __CrtDbgReport             00449d60 f   LIBCMTD:dbgrpt.obj
 0002:00017dc0       __CrtDbgReportV            00449dc0 f i LIBCMTD:dbgrpt.obj
 0002:00017e00       __CrtSetReportHook2        00449e00 f   LIBCMTD:dbgrpt.obj
 0002:00018220       ___crtMessageWindowA       0044a220 f   LIBCMTD:dbgrpt.obj
 0002:000187f0       _strlen                    0044a7f0 f   LIBCMTD:strlen.obj
 0002:000188a0       _wcscat_s                  0044a8a0 f   LIBCMTD:wcscat_s.obj
 0002:00018db0       _wcscpy_s                  0044adb0 f   LIBCMTD:wcscpy_s.obj
 0002:00019180       _wcslen                    0044b180 f   LIBCMTD:wcslen.obj
 0002:000191d0       _wcsncpy_s                 0044b1d0 f   LIBCMTD:wcsncpy_s.obj
 0002:00019710       ___crtMessageBoxW          0044b710 f   LIBCMTD:crtmboxw.obj
 0002:00019af0       ___crtMessageBoxWaitThreadW@4 0044baf0 f   LIBCMTD:crtmboxw.obj
 0002:00019b40       _memcpy_s                  0044bb40 f   LIBCMTD:memcpy_s.obj
 0002:00019d80       ___swprintf_l              0044bd80 f   LIBCMTD:swprintf.obj
 0002:00019db0       __scwprintf                0044bdb0 f   LIBCMTD:swprintf.obj
 0002:00019de0       __scwprintf_l              0044bde0 f   LIBCMTD:swprintf.obj
 0002:00019e10       __scwprintf_p              0044be10 f   LIBCMTD:swprintf.obj
 0002:00019e40       __scwprintf_p_l            0044be40 f   LIBCMTD:swprintf.obj
 0002:00019e70       __snwprintf_s              0044be70 f   LIBCMTD:swprintf.obj
 0002:00019eb0       __snwprintf_s_l            0044beb0 f   LIBCMTD:swprintf.obj
 0002:00019ef0       __swprintf                 0044bef0 f   LIBCMTD:swprintf.obj
 0002:0001a1a0       __swprintf_p               0044c1a0 f   LIBCMTD:swprintf.obj
 0002:0001a1e0       __swprintf_p_l             0044c1e0 f   LIBCMTD:swprintf.obj
 0002:0001a220       __swprintf_s_l             0044c220 f   LIBCMTD:swprintf.obj
 0002:0001a260       _swprintf_s                0044c260 f   LIBCMTD:swprintf.obj
 0002:0001a2a0       __CrtDbgBreak              0044c2a0 f   LIBCMTD:dbgrptt.obj
 0002:0001a2b0       __CrtGetReportHook         0044c2b0 f   LIBCMTD:dbgrptt.obj
 0002:0001a2c0       __CrtSetReportFile         0044c2c0 f   LIBCMTD:dbgrptt.obj
 0002:0001a400       __CrtSetReportHook         0044c400 f   LIBCMTD:dbgrptt.obj
 0002:0001a430       __CrtSetReportMode         0044c430 f   LIBCMTD:dbgrptt.obj
 0002:0001a5c0       __VCrtDbgReportA           0044c5c0 f   LIBCMTD:dbgrptt.obj
 0002:0001b050       __VCrtDbgReportW           0044d050 f   LIBCMTD:dbgrptt.obj
 0002:0001bc20       __alloca_probe             0044dc20 f   LIBCMTD:chkstk.obj
 0002:0001bc20       __chkstk                   0044dc20 f   LIBCMTD:chkstk.obj
 0002:0001bc60       ___addlocaleref            0044dc60 f   LIBCMTD:localref.obj
 0002:0001bdd0       ___freetlocinfo            0044ddd0 f   LIBCMTD:localref.obj
 0002:0001c180       ___removelocaleref         0044e180 f   LIBCMTD:localref.obj
 0002:0001c2f0       ___updatetlocinfo          0044e2f0 f   LIBCMTD:localref.obj
 0002:0001c3f0       __updatetlocinfoEx_nolock  0044e3f0 f   LIBCMTD:localref.obj
 0002:0001c490       __chvalidator              0044e490 f   LIBCMTD:isctype.obj
 0002:0001c4f0       __chvalidator_l            0044e4f0 f   LIBCMTD:isctype.obj
 0002:0001c5e0       __isctype                  0044e5e0 f   LIBCMTD:isctype.obj
 0002:0001c630       __isctype_l                0044e630 f   LIBCMTD:isctype.obj
 0002:0001c7e0       _memcpy                    0044e7e0 f   LIBCMTD:memcpy.obj
 0002:0001cfc0       __free_base                0044efc0 f   LIBCMTD:free.obj
 0002:0001d020       __realloc_base             0044f020 f   LIBCMTD:realloc.obj
 0002:0001d160       __expand_base              0044f160 f   LIBCMTD:expand.obj
 0002:0001d320       __heapchk                  0044f320 f   LIBCMTD:heapchk.obj
 0002:0001d360       __heapset                  0044f360 f   LIBCMTD:heapchk.obj
 0002:0001d370       __scprintf                 0044f370 f   LIBCMTD:sprintf.obj
 0002:0001d3a0       __scprintf_l               0044f3a0 f   LIBCMTD:sprintf.obj
 0002:0001d3d0       __scprintf_p               0044f3d0 f   LIBCMTD:sprintf.obj
 0002:0001d400       __scprintf_p_l             0044f400 f   LIBCMTD:sprintf.obj
 0002:0001d430       __snprintf_s               0044f430 f   LIBCMTD:sprintf.obj
 0002:0001d470       __snprintf_s_l             0044f470 f   LIBCMTD:sprintf.obj
 0002:0001d4b0       __sprintf_l                0044f4b0 f   LIBCMTD:sprintf.obj
 0002:0001d4e0       __sprintf_p                0044f4e0 f   LIBCMTD:sprintf.obj
 0002:0001d520       __sprintf_p_l              0044f520 f   LIBCMTD:sprintf.obj
 0002:0001d560       __sprintf_s_l              0044f560 f   LIBCMTD:sprintf.obj
 0002:0001d5a0       _sprintf                   0044f5a0 f   LIBCMTD:sprintf.obj
 0002:0001d7d0       _sprintf_s                 0044f7d0 f   LIBCMTD:sprintf.obj
 0002:0001d810       __heap_alloc_base          0044f810 f i LIBCMTD:malloc.obj
 0002:0001d880       __malloc_base              0044f880 f   LIBCMTD:malloc.obj
 0002:0001d930       __fptrap                   0044f930 f   LIBCMTD:crt0fp.obj
 0002:0001d950       __set_abort_behavior       0044f950 f   LIBCMTD:abort.obj
 0002:0001d990       _abort                     0044f990 f   LIBCMTD:abort.obj
 0002:0001da20       _strncpy_s                 0044fa20 f   LIBCMTD:strncpy_s.obj
 0002:0001e0c0       __MallocaIsSizeInRange     004500c0 f i LIBCMTD:a_loc.obj
 0002:0001e0f0       __MarkAllocaS              004500f0 f i LIBCMTD:a_loc.obj
 0002:0001e120       ___crtGetLocaleInfoA       00450120 f   LIBCMTD:a_loc.obj
 0002:0001e180       __freea                    00450180 f i LIBCMTD:a_loc.obj
 0002:0001e210       _GetTableIndexFromLcid     00450210 f   LIBCMTD:winapinls.obj
 0002:0001e290       _GetTableIndexFromLocaleName 00450290 f   LIBCMTD:winapinls.obj
 0002:0001e340       ___crtCompareStringEx      00450340 f   LIBCMTD:winapinls.obj
 0002:0001e3d0       ___crtDownlevelLCIDToLocaleName 004503d0 f   LIBCMTD:winapinls.obj
 0002:0001e4d0       ___crtDownlevelLocaleNameToLCID 004504d0 f   LIBCMTD:winapinls.obj
 0002:0001e540       ___crtEnumSystemLocalesEx  00450540 f   LIBCMTD:winapinls.obj
 0002:0001e5c0       ___crtGetDateFormatEx      004505c0 f   LIBCMTD:winapinls.obj
 0002:0001e640       ___crtGetLocaleInfoEx      00450640 f   LIBCMTD:winapinls.obj
 0002:0001e6b0       ___crtGetTimeFormatEx      004506b0 f   LIBCMTD:winapinls.obj
 0002:0001e730       ___crtGetUserDefaultLocaleName 00450730 f   LIBCMTD:winapinls.obj
 0002:0001e790       ___crtIsValidLocaleName    00450790 f   LIBCMTD:winapinls.obj
 0002:0001e7e0       ___crtLCMapStringEx        004507e0 f   LIBCMTD:winapinls.obj
 0002:0001e870       ___wcsnicmp_ascii          00450870 f   LIBCMTD:winapinls.obj
 0002:0001e970       __local_unwind4            00450970 f   LIBCMTD:exsup4.obj
 0002:0001ea46       __seh_longjmp_unwind4@4    00450a46 f   LIBCMTD:exsup4.obj
 0002:0001ea62       @_EH4_CallFilterFunc@8     00450a62 f   LIBCMTD:exsup4.obj
 0002:0001ea79       @_EH4_TransferToHandler@8  00450a79 f   LIBCMTD:exsup4.obj
 0002:0001ea92       @_EH4_GlobalUnwind2@8      00450a92 f   LIBCMTD:exsup4.obj
 0002:0001eaab       @_EH4_LocalUnwind@16       00450aab f   LIBCMTD:exsup4.obj
 0002:0001ef20       ___crtLCMapStringA         00450f20 f   LIBCMTD:a_map.obj
 0002:0001f110       ___crtGetStringTypeA       00451110 f   LIBCMTD:a_str.obj
 0002:0001f2b0       ?_CallCatchBlock2@@YAPAXPAUEHRegistrationNode@@PBU_s_FuncInfo@@PAXHK@Z 004512b0 f   LIBCMTD:_trnsctrl_.obj
 0002:0001f340       ?_CallMemberFunction0@@YGXPAX0@Z 00451340 f   LIBCMTD:_trnsctrl_.obj
 0002:0001f350       ?_CallMemberFunction1@@YGXPAX00@Z 00451350 f   LIBCMTD:_trnsctrl_.obj
 0002:0001f360       ?_CallMemberFunction2@@YGXPAX00H@Z 00451360 f   LIBCMTD:_trnsctrl_.obj
 0002:0001f370       ?_CallSETranslator@@YAHPAUEHExceptionRecord@@PAUEHRegistrationNode@@PAX2PBU_s_FuncInfo@@H1@Z 00451370 f   LIBCMTD:_trnsctrl_.obj
 0002:0001f4a0       ?_GetRangeOfTrysToCheck@@YAPBU_s_TryBlockMapEntry@@PBU_s_FuncInfo@@HHPAI1@Z 004514a0 f   LIBCMTD:_trnsctrl_.obj
 0002:0001f550       ?_JumpToContinuation@@YGXPAXPAUEHRegistrationNode@@@Z 00451550 f   LIBCMTD:_trnsctrl_.obj
 0002:0001f590       ?_UnwindNestedFrames@@YGXPAUEHRegistrationNode@@PAUEHExceptionRecord@@@Z 00451590 f   LIBCMTD:_trnsctrl_.obj
 0002:0001f600       __CreateFrameInfo          00451600 f   LIBCMTD:_trnsctrl_.obj
 0002:0001f640       __FindAndUnlinkFrame       00451640 f   LIBCMTD:_trnsctrl_.obj
 0002:0001f6b0       __IsExceptionObjectToBeDestroyed 004516b0 f   LIBCMTD:_trnsctrl_.obj
 0002:0001f6f0       ___CxxFrameHandler         004516f0 f   LIBCMTD:_trnsctrl_.obj
 0002:0001f740       ___CxxFrameHandler2        00451740 f   LIBCMTD:_trnsctrl_.obj
 0002:0001f790       ___CxxFrameHandler3        00451790 f   LIBCMTD:_trnsctrl_.obj
 0002:0001f7e0       ___CxxLongjmpUnwind@4      004517e0 f   LIBCMTD:_trnsctrl_.obj
 0002:0001f820       ___initstdio               00451820 f   LIBCMTD:_file.obj
 0002:0001f920       ___endstdio                00451920 f   LIBCMTD:_file.obj
 0002:0001f970       ___iob_func                00451970 f   LIBCMTD:_file.obj
 0002:0001f980       __lock_file                00451980 f   LIBCMTD:_file.obj
 0002:0001f9f0       __lock_file2               004519f0 f   LIBCMTD:_file.obj
 0002:0001fa40       __unlock_file              00451a40 f   LIBCMTD:_file.obj
 0002:0001fab0       __unlock_file2             00451ab0 f   LIBCMTD:_file.obj
 0002:0001fb00       __fileno                   00451b00 f   LIBCMTD:fileno.obj
 0002:0001fbb0       __isatty                   00451bb0 f   LIBCMTD:isatty.obj
 0002:0001fca0       __fflush_nolock            00451ca0 f   LIBCMTD:fflush.obj
 0002:0001fd30       __flush                    00451d30 f   LIBCMTD:fflush.obj
 0002:0001fe20       __flushall                 00451e20 f   LIBCMTD:fflush.obj
 0002:0001fe40       _fflush                    00451e40 f   LIBCMTD:fflush.obj
 0002:00020120       __wmakepath_s              00452120 f   LIBCMTD:wmakepath_s.obj
 0002:000205d0       __wsplitpath_s             004525d0 f   LIBCMTD:wsplitpath_s.obj
 0002:00020da0       _strcpy_s                  00452da0 f   LIBCMTD:strcpy_s.obj
 0002:00021160       __flsbuf                   00453160 f   LIBCMTD:_flsbuf.obj
 0002:000214f0       ___vswprintf_l             004534f0 f   LIBCMTD:vswprint.obj
 0002:00021520       __vscwprintf               00453520 f   LIBCMTD:vswprint.obj
 0002:00021550       __vscwprintf_helper        00453550 f   LIBCMTD:vswprint.obj
 0002:00021680       __vscwprintf_l             00453680 f   LIBCMTD:vswprint.obj
 0002:000216b0       __vscwprintf_p             004536b0 f   LIBCMTD:vswprint.obj
 0002:000216e0       __vscwprintf_p_l           004536e0 f   LIBCMTD:vswprint.obj
 0002:00021710       __vswprintf                00453710 f   LIBCMTD:vswprint.obj
 0002:00021740       __vswprintf_l              00453740 f   LIBCMTD:vswprint.obj
 0002:000219e0       __vsnwprintf_s             004539e0 f   LIBCMTD:vswprnc.obj
 0002:00021a10       __vsnwprintf_s_l           00453a10 f   LIBCMTD:vswprnc.obj
 0002:00021ee0       __vswprintf_c              00453ee0 f   LIBCMTD:vswprnc.obj
 0002:00021f40       __vswprintf_c_l            00453f40 f   LIBCMTD:vswprnc.obj
 0002:00021fa0       __vswprintf_helper         00453fa0 f   LIBCMTD:vswprnc.obj
 0002:000222b0       __vswprintf_p              004542b0 f   LIBCMTD:vswprnc.obj
 0002:00022310       __vswprintf_p_l            00454310 f   LIBCMTD:vswprnc.obj
 0002:00022370       __vswprintf_s_l            00454370 f   LIBCMTD:vswprnc.obj
 0002:000226a0       _vswprintf_s               004546a0 f   LIBCMTD:vswprnc.obj
 0002:000226d0       __woutput_l                004546d0 f   LIBCMTD:woutput.obj
 0002:00024080       _get_int64_arg             00456080 f i LIBCMTD:woutput.obj
 0002:000240b0       _get_int_arg               004560b0 f i LIBCMTD:woutput.obj
 0002:00024280       _strcat_s                  00456280 f   LIBCMTD:strcat_s.obj
 0002:00024cc0       __i64toa_s                 00456cc0 f   LIBCMTD:xtoas.obj
 0002:00024d20       __itoa_s                   00456d20 f   LIBCMTD:xtoas.obj
 0002:00024d90       __ltoa_s                   00456d90 f   LIBCMTD:xtoas.obj
 0002:00024de0       __ui64toa_s                00456de0 f   LIBCMTD:xtoas.obj
 0002:00024e10       __ultoa_s                  00456e10 f   LIBCMTD:xtoas.obj
 0002:00025320       __mbstowcs_l               00457320 f   LIBCMTD:mbstowcs.obj
 0002:00025350       __mbstowcs_l_helper        00457350 f   LIBCMTD:mbstowcs.obj
 0002:000257c0       __mbstowcs_s_l             004577c0 f   LIBCMTD:mbstowcs.obj
 0002:00025c60       _mbstowcs                  00457c60 f   LIBCMTD:mbstowcs.obj
 0002:00025cc0       _mbstowcs_s                00457cc0 f   LIBCMTD:mbstowcs.obj
 0002:00025d60       __wcstombs_l               00457d60 f   LIBCMTD:wcstombs.obj
 0002:00025d90       __wcstombs_l_helper        00457d90 f   LIBCMTD:wcstombs.obj
 0002:000263e0       __wcstombs_s_l             004583e0 f   LIBCMTD:wcstombs.obj
 0002:00026820       _wcstombs                  00458820 f   LIBCMTD:wcstombs.obj
 0002:00026850       _wcstombs_s                00458850 f   LIBCMTD:wcstombs.obj
 0002:00026dd0       __i64tow_s                 00458dd0 f   LIBCMTD:xtows.obj
 0002:00026e30       __itow_s                   00458e30 f   LIBCMTD:xtows.obj
 0002:00026ea0       __ltow_s                   00458ea0 f   LIBCMTD:xtows.obj
 0002:00026ef0       __ui64tow_s                00458ef0 f   LIBCMTD:xtows.obj
 0002:00026f20       __ultow_s                  00458f20 f   LIBCMTD:xtows.obj
 0002:00027450       __vsnprintf_c              00459450 f   LIBCMTD:vsnprnc.obj
 0002:000274b0       __vsnprintf_c_l            004594b0 f   LIBCMTD:vsnprnc.obj
 0002:00027510       __vsnprintf_helper         00459510 f   LIBCMTD:vsnprnc.obj
 0002:00027790       __vsnprintf_s              00459790 f   LIBCMTD:vsnprnc.obj
 0002:000277c0       __vsnprintf_s_l            004597c0 f   LIBCMTD:vsnprnc.obj
 0002:00027c70       __vsprintf_p               00459c70 f   LIBCMTD:vsnprnc.obj
 0002:00027cd0       __vsprintf_p_l             00459cd0 f   LIBCMTD:vsnprnc.obj
 0002:00027d30       __vsprintf_s_l             00459d30 f   LIBCMTD:vsnprnc.obj
 0002:00028060       _vsprintf_s                0045a060 f   LIBCMTD:vsnprnc.obj
 0002:00028090       ___free_lconv_mon          0045a090 f   LIBCMTD:initmon.obj
 0002:000282a0       ___init_monetary           0045a2a0 f   LIBCMTD:initmon.obj
 0002:00028a30       ___free_lconv_num          0045aa30 f   LIBCMTD:initnum.obj
 0002:00028b10       ___init_numeric            0045ab10 f   LIBCMTD:initnum.obj
 0002:00028fd0       ___free_lc_time            0045afd0 f   LIBCMTD:inittime.obj
 0002:00029b50       ___init_time               0045bb50 f   LIBCMTD:inittime.obj
 0002:0002af50       _localeconv                0045cf50 f   LIBCMTD:lconv.obj
 0002:0002afb0       ___iswcsym                 0045cfb0 f i LIBCMTD:_wctype.obj
 0002:0002b000       ___iswcsymf                0045d000 f i LIBCMTD:_wctype.obj
 0002:0002b050       __isleadbyte_l             0045d050 f i LIBCMTD:_wctype.obj
 0002:0002b0b0       __iswalnum_l               0045d0b0 f i LIBCMTD:_wctype.obj
 0002:0002b0d0       __iswalpha_l               0045d0d0 f i LIBCMTD:_wctype.obj
 0002:0002b0f0       __iswblank_l               0045d0f0 f i LIBCMTD:_wctype.obj
 0002:0002b130       __iswcntrl_l               0045d130 f i LIBCMTD:_wctype.obj
 0002:0002b150       __iswcsym_l                0045d150 f i LIBCMTD:_wctype.obj
 0002:0002b1a0       __iswcsymf_l               0045d1a0 f i LIBCMTD:_wctype.obj
 0002:0002b1f0       __iswdigit_l               0045d1f0 f i LIBCMTD:_wctype.obj
 0002:0002b210       __iswgraph_l               0045d210 f i LIBCMTD:_wctype.obj
 0002:0002b230       __iswlower_l               0045d230 f i LIBCMTD:_wctype.obj
 0002:0002b250       __iswprint_l               0045d250 f i LIBCMTD:_wctype.obj
 0002:0002b270       __iswpunct_l               0045d270 f i LIBCMTD:_wctype.obj
 0002:0002b290       __iswspace_l               0045d290 f i LIBCMTD:_wctype.obj
 0002:0002b2b0       __iswupper_l               0045d2b0 f i LIBCMTD:_wctype.obj
 0002:0002b2d0       __iswxdigit_l              0045d2d0 f i LIBCMTD:_wctype.obj
 0002:0002b2f0       _isleadbyte                0045d2f0 f i LIBCMTD:_wctype.obj
 0002:0002b310       _iswalnum                  0045d310 f i LIBCMTD:_wctype.obj
 0002:0002b330       _iswalpha                  0045d330 f i LIBCMTD:_wctype.obj
 0002:0002b350       _iswascii                  0045d350 f i LIBCMTD:_wctype.obj
 0002:0002b380       _iswblank                  0045d380 f i LIBCMTD:_wctype.obj
 0002:0002b3c0       _iswcntrl                  0045d3c0 f i LIBCMTD:_wctype.obj
 0002:0002b3e0       _iswdigit                  0045d3e0 f i LIBCMTD:_wctype.obj
 0002:0002b400       _iswgraph                  0045d400 f i LIBCMTD:_wctype.obj
 0002:0002b420       _iswlower                  0045d420 f i LIBCMTD:_wctype.obj
 0002:0002b440       _iswprint                  0045d440 f i LIBCMTD:_wctype.obj
 0002:0002b460       _iswpunct                  0045d460 f i LIBCMTD:_wctype.obj
 0002:0002b480       _iswspace                  0045d480 f i LIBCMTD:_wctype.obj
 0002:0002b4a0       _iswupper                  0045d4a0 f i LIBCMTD:_wctype.obj
 0002:0002b4c0       _iswxdigit                 0045d4c0 f i LIBCMTD:_wctype.obj
 0002:0002b4e0       ___init_dummy              0045d4e0 f   LIBCMTD:wsetloca.obj
 0002:0002b4f0       __locterm                  0045d4f0 f   LIBCMTD:wsetloca.obj
 0002:0002b5b0       ____setlc_active_func      0045d5b0 f   LIBCMTD:wsetloca.obj
 0002:0002b5c0       ____unguarded_readlc_active_add_func 0045d5c0 f   LIBCMTD:wsetloca.obj
 0002:0002b5d0       ___copy_locale_name        0045d5d0 f   LIBCMTD:wsetloca.obj
 0002:0002b6a0       ___create_locale           0045d6a0 f   LIBCMTD:wsetloca.obj
 0002:0002b6c0       ___free_locale             0045d6c0 f   LIBCMTD:wsetloca.obj
 0002:0002b6e0       ___get_current_locale      0045d6e0 f   LIBCMTD:wsetloca.obj
 0002:0002b6f0       ___lc_lctowcs              0045d6f0 f   LIBCMTD:wsetloca.obj
 0002:0002b7d0       ___lc_wcstolc              0045d7d0 f   LIBCMTD:wsetloca.obj
 0002:0002ba80       __configthreadlocale       0045da80 f   LIBCMTD:wsetloca.obj
 0002:0002bc30       __create_locale            0045dc30 f   LIBCMTD:wsetloca.obj
 0002:0002bcc0       __expandlocale             0045dcc0 f   LIBCMTD:wsetloca.obj
 0002:0002c2f0       __free_locale              0045e2f0 f   LIBCMTD:wsetloca.obj
 0002:0002c460       __get_current_locale       0045e460 f   LIBCMTD:wsetloca.obj
 0002:0002c5c0       __wcreate_locale           0045e5c0 f   LIBCMTD:wsetloca.obj
 0002:0002c820       __wcscats                  0045e820 f   LIBCMTD:wsetloca.obj
 0002:0002c8b0       __wsetlocale               0045e8b0 f   LIBCMTD:wsetloca.obj
 0002:0002dd60       __vscprintf                0045fd60 f   LIBCMTD:vsprintf.obj
 0002:0002dd90       __vscprintf_helper         0045fd90 f   LIBCMTD:vsprintf.obj
 0002:0002dec0       __vscprintf_l              0045fec0 f   LIBCMTD:vsprintf.obj
 0002:0002def0       __vscprintf_p              0045fef0 f   LIBCMTD:vsprintf.obj
 0002:0002df20       __vscprintf_p_l            0045ff20 f   LIBCMTD:vsprintf.obj
 0002:0002df50       __vsprintf_l               0045ff50 f   LIBCMTD:vsprintf.obj
 0002:0002e180       _vsprintf                  00460180 f   LIBCMTD:vsprintf.obj
 0002:0002e1b0       __output_l                 004601b0 f   LIBCMTD:output.obj
 0002:0002fe00       _get_short_arg             00461e00 f i LIBCMTD:output.obj
 0002:00030030       ___pctype_func             00462030 f   LIBCMTD:ctype.obj
 0002:00030090       ___pwctype_func            00462090 f   LIBCMTD:ctype.obj
 0002:000300a0       _free                      004620a0 f   LIBCMTD:dbgfree.obj
 0002:000300c0       _malloc                    004620c0 f   LIBCMTD:dbgmalloc.obj
 0002:000300f0       _wcsnlen                   004620f0 f   LIBCMTD:wcslen_s.obj
 0002:00030140       __global_unwind2           00462140 f   LIBCMTD:exsup.obj
 0002:000301a5       __local_unwind2            004621a5 f   LIBCMTD:exsup.obj
 0002:00030229       __abnormal_termination     00462229 f   LIBCMTD:exsup.obj
 0002:0003024c       __NLG_Notify1              0046224c f   LIBCMTD:exsup.obj
 0002:00030255       __NLG_Notify               00462255 f   LIBCMTD:exsup.obj
 0002:0003026c       __NLG_Dispatch             0046226c     LIBCMTD:exsup.obj
 0002:0003026c       __NLG_Dispatch2            0046226c     LIBCMTD:exsup.obj
 0002:00030274       __NLG_Call                 00462274 f   LIBCMTD:exsup.obj
 0002:00030276       __NLG_Return2              00462276     LIBCMTD:exsup.obj
 0002:000302d0       __CallSettingFrame@12      004622d0 f   LIBCMTD:lowhelpr.obj
 0002:000302f7       __NLG_Return               004622f7     LIBCMTD:lowhelpr.obj
 0002:00030330       ___DestructExceptionObject 00462330 f   LIBCMTD:frame.obj
 0002:000304a0       ??0bad_exception@std@@QAE@ABV01@@Z 004624a0 f i LIBCMTD:frame.obj
 0002:000304d0       ??0bad_exception@std@@QAE@PBD@Z 004624d0 f i LIBCMTD:frame.obj
 0002:00030500       ??1bad_exception@std@@UAE@XZ 00462500 f i LIBCMTD:frame.obj
 0002:00030530       ??_Gbad_exception@std@@UAEPAXI@Z 00462530 f i LIBCMTD:frame.obj
 0002:00030530       ??_Ebad_exception@std@@UAEPAXI@Z 00462530 f i LIBCMTD:frame.obj
 0002:00031420       ?__uncaught_exception@@YA_NXZ 00463420 f   LIBCMTD:frame.obj
 0002:00031460       ?_is_exception_typeof@@YAHABVtype_info@@PAU_EXCEPTION_POINTERS@@@Z 00463460 f   LIBCMTD:frame.obj
 0002:00031570       __SetWinRTOutOfMemoryExceptionCallback 00463570 f   LIBCMTD:frame.obj
 0002:00031580       ___AdjustPointer           00463580 f   LIBCMTD:frame.obj
 0002:000315e0       ___BuildCatchObject        004635e0 f   LIBCMTD:frame.obj
 0002:00031730       ___BuildCatchObjectHelper  00463730 f   LIBCMTD:frame.obj
 0002:00031ae0       ___CxxDetectRethrow        00463ae0 f   LIBCMTD:frame.obj
 0002:00031b80       ___CxxExceptionFilter      00463b80 f   LIBCMTD:frame.obj
 0002:00031e00       ___CxxQueryExceptionSize   00463e00 f   LIBCMTD:frame.obj
 0002:00031e10       ___CxxRegisterExceptionObject 00463e10 f   LIBCMTD:frame.obj
 0002:00031fa0       ___CxxUnregisterExceptionObject 00463fa0 f   LIBCMTD:frame.obj
 0002:00032180       ___FrameUnwindFilter       00464180 f   LIBCMTD:frame.obj
 0002:00032220       ___FrameUnwindToState      00464220 f   LIBCMTD:frame.obj
 0002:00032400       ___GetPlatformExceptionInfo 00464400 f   LIBCMTD:frame.obj
 0002:000324e0       ___InternalCxxFrameHandler 004644e0 f   LIBCMTD:frame.obj
 0002:000326b0       ___TypeMatch               004646b0 f   LIBCMTD:frame.obj
 0002:000327c0       __fcloseall                004647c0 f   LIBCMTD:closeall.obj
 0002:00032930       __commit                   00464930 f   LIBCMTD:commit.obj
 0002:00032c00       __write                    00464c00 f   LIBCMTD:write.obj
 0002:00032ee0       __write_nolock             00464ee0 f   LIBCMTD:write.obj
 0002:00033ff0       __lseeki64                 00465ff0 f   LIBCMTD:lseeki64.obj
 0002:00034300       __lseeki64_nolock          00466300 f   LIBCMTD:lseeki64.obj
 0002:00034400       __getbuf                   00466400 f   LIBCMTD:_getbuf.obj
 0002:00034500       __validate_param_reuseW    00466500 f   LIBCMTD:woutputp.obj
 0002:000348a0       __woutput_p_l              004668a0 f   LIBCMTD:woutputp.obj
 0002:00039260       __woutput_s_l              0046b260 f   LIBCMTD:woutputs.obj
 0002:0003af80       __get_printf_count_output  0046cf80 f   LIBCMTD:printf.obj
 0002:0003afc0       __printf_l                 0046cfc0 f   LIBCMTD:printf.obj
 0002:0003aff0       __printf_p                 0046cff0 f   LIBCMTD:printf.obj
 0002:0003b020       __printf_p_l               0046d020 f   LIBCMTD:printf.obj
 0002:0003b050       __printf_s_l               0046d050 f   LIBCMTD:printf.obj
 0002:0003b080       __set_printf_count_output  0046d080 f   LIBCMTD:printf.obj
 0002:0003b0f0       _printf                    0046d0f0 f   LIBCMTD:printf.obj
 0002:0003b2c0       _printf_s                  0046d2c0 f   LIBCMTD:printf.obj
 0002:0003b2f0       __fputwc_nolock            0046d2f0 f   LIBCMTD:fputwc.obj
 0002:0003b6a0       _fputwc                    0046d6a0 f   LIBCMTD:fputwc.obj
 0002:0003b7f0       _putwc                     0046d7f0 f   LIBCMTD:fputwc.obj
 0002:0003b810       __mbtowc_l                 0046d810 f   LIBCMTD:mbtowc.obj
 0002:0003bad0       _mbtowc                    0046dad0 f   LIBCMTD:mbtowc.obj
 0002:0003bb00       __aulldiv                  0046db00 f   LIBCMTD:ulldiv.obj
 0002:0003bb90       __aullrem                  0046db90 f   LIBCMTD:ullrem.obj
 0002:0003bc30       __output_s_l               0046dc30 f   LIBCMTD:outputs.obj
 0002:0003dc40       __output_p_l               0046fc40 f   LIBCMTD:outputp.obj
 0002:000429c0       __validate_param_reuseA    004749c0 f   LIBCMTD:outputp.obj
 0002:00042d60       _get_crtdouble_arg         00474d60 f i LIBCMTD:outputp.obj
 0002:00042f90       __iswctype_l               00474f90 f   LIBCMTD:iswctype.obj
 0002:00042fb0       _is_wctype                 00474fb0 f   LIBCMTD:iswctype.obj
 0002:00042fd0       _iswctype                  00474fd0 f   LIBCMTD:iswctype.obj
 0002:00043050       ___init_collate            00475050 f   LIBCMTD:initcoll.obj
 0002:00043060       ____lc_codepage_func       00475060 f   LIBCMTD:initctyp.obj
 0002:000430c0       ____lc_collate_cp_func     004750c0 f   LIBCMTD:initctyp.obj
 0002:00043120       ____lc_locale_name_func    00475120 f   LIBCMTD:initctyp.obj
 0002:00043180       ____mb_cur_max_func        00475180 f   LIBCMTD:initctyp.obj
 0002:000431e0       ____mb_cur_max_l_func      004751e0 f   LIBCMTD:initctyp.obj
 0002:00043210       ___init_ctype              00475210 f   LIBCMTD:initctyp.obj
 0002:00043be0       _memcmp                    00475be0 f   LIBCMTD:memcmp.obj
 0002:000446e0       _wcscmp                    004766e0 f   LIBCMTD:wcscmp.obj
 0002:00044760       _wcscspn                   00476760 f   LIBCMTD:wcscspn.obj
 0002:000447e0       _wcsncmp                   004767e0 f   LIBCMTD:wcsncmp.obj
 0002:00044850       _wcspbrk                   00476850 f   LIBCMTD:wcspbrk.obj
 0002:00045680       ___get_qualified_locale    00477680 f   LIBCMTD:getqloc.obj
 0002:00046a20       ___get_qualified_locale_downlevel 00478a20 f   LIBCMTD:getqloc_downlevel.obj
 0002:00046da0       __wctomb_l                 00478da0 f   LIBCMTD:wctomb.obj
 0002:00046e30       __wctomb_s_l               00478e30 f   LIBCMTD:wctomb.obj
 0002:00047250       _wctomb                    00479250 f   LIBCMTD:wctomb.obj
 0002:000472b0       _wctomb_s                  004792b0 f   LIBCMTD:wctomb.obj
 0002:000472e0       ??3@YAXPAX@Z               004792e0 f   LIBCMTD:dbgdel.obj
 0002:00047410       _strcmp                    00479410 f   LIBCMTD:strcmp.obj
 0002:000474c0       _memmove                   004794c0 f   LIBCMTD:memmove.obj
 0002:00047ca0       ?_ValidateExecute@@YAHP6GHXZ@Z 00479ca0 f   LIBCMTD:validate.obj
 0002:00047cd0       ?_ValidateRead@@YAHPBXI@Z  00479cd0 f   LIBCMTD:validate.obj
 0002:00047d00       ?_ValidateWrite@@YAHPAXI@Z 00479d00 f   LIBCMTD:validate.obj
 0002:00047d30       ??0type_info@@AAE@ABV0@@Z  00479d30 f   LIBCMTD:typinfo.obj
 0002:00047d50       ??1type_info@@UAE@XZ       00479d50 f   LIBCMTD:typinfo.obj
 0002:00047d80       ??4type_info@@AAEAAV0@ABV0@@Z 00479d80 f   LIBCMTD:typinfo.obj
 0002:00047da0       ??8type_info@@QBE_NABV0@@Z 00479da0 f   LIBCMTD:typinfo.obj
 0002:00047df0       ??9type_info@@QBE_NABV0@@Z 00479df0 f   LIBCMTD:typinfo.obj
 0002:00047e40       ??_Etype_info@@UAEPAXI@Z   00479e40 f i LIBCMTD:typinfo.obj
 0002:00047e40       ??_Gtype_info@@UAEPAXI@Z   00479e40 f i LIBCMTD:typinfo.obj
 0002:00047e80       ?_name_internal_method@type_info@@QBEPBDPAU__type_info_node@@@Z 00479e80 f   LIBCMTD:typinfo.obj
 0002:00047eb0       ?_type_info_dtor_internal_method@type_info@@QAEXXZ 00479eb0 f   LIBCMTD:typinfo.obj
 0002:00047ed0       ?before@type_info@@QBE_NABV1@@Z 00479ed0 f   LIBCMTD:typinfo.obj
 0002:00047f20       ?name@type_info@@QBEPBDPAU__type_info_node@@@Z 00479f20 f   LIBCMTD:typinfo.obj
 0002:00047f50       ?raw_name@type_info@@QBEPBDXZ 00479f50 f   LIBCMTD:typinfo.obj
 0002:00047f70       ??0__non_rtti_object@std@@QAE@ABV01@@Z 00479f70 f   LIBCMTD:stdexcpt.obj
 0002:00047fa0       ??0__non_rtti_object@std@@QAE@PBD@Z 00479fa0 f   LIBCMTD:stdexcpt.obj
 0002:00047fd0       ??0bad_cast@std@@QAE@ABV01@@Z 00479fd0 f   LIBCMTD:stdexcpt.obj
 0002:00048000       ??0bad_cast@std@@QAE@PBD@Z 0047a000 f   LIBCMTD:stdexcpt.obj
 0002:00048030       ??0bad_typeid@std@@QAE@ABV01@@Z 0047a030 f   LIBCMTD:stdexcpt.obj
 0002:00048060       ??0bad_typeid@std@@QAE@PBD@Z 0047a060 f   LIBCMTD:stdexcpt.obj
 0002:00048090       ??0exception@std@@QAE@ABQBD@Z 0047a090 f   LIBCMTD:stdexcpt.obj
 0002:000480e0       ??0exception@std@@QAE@ABQBDH@Z 0047a0e0 f   LIBCMTD:stdexcpt.obj
 0002:00048120       ??0exception@std@@QAE@ABV01@@Z 0047a120 f   LIBCMTD:stdexcpt.obj
 0002:00048170       ??0exception@std@@QAE@XZ   0047a170 f   LIBCMTD:stdexcpt.obj
 0002:000481b0       ??1__non_rtti_object@std@@UAE@XZ 0047a1b0 f   LIBCMTD:stdexcpt.obj
 0002:000481e0       ??1bad_cast@std@@UAE@XZ    0047a1e0 f   LIBCMTD:stdexcpt.obj
 0002:00048210       ??1bad_typeid@std@@UAE@XZ  0047a210 f   LIBCMTD:stdexcpt.obj
 0002:00048240       ??1exception@std@@UAE@XZ   0047a240 f   LIBCMTD:stdexcpt.obj
 0002:00048270       ??4exception@std@@QAEAAV01@ABV01@@Z 0047a270 f   LIBCMTD:stdexcpt.obj
 0002:000482d0       ??_G__non_rtti_object@std@@UAEPAXI@Z 0047a2d0 f i LIBCMTD:stdexcpt.obj
 0002:000482d0       ??_E__non_rtti_object@std@@UAEPAXI@Z 0047a2d0 f i LIBCMTD:stdexcpt.obj
 0002:00048310       ??_Gbad_cast@std@@UAEPAXI@Z 0047a310 f i LIBCMTD:stdexcpt.obj
 0002:00048310       ??_Ebad_cast@std@@UAEPAXI@Z 0047a310 f i LIBCMTD:stdexcpt.obj
 0002:00048350       ??_Gbad_typeid@std@@UAEPAXI@Z 0047a350 f i LIBCMTD:stdexcpt.obj
 0002:00048350       ??_Ebad_typeid@std@@UAEPAXI@Z 0047a350 f i LIBCMTD:stdexcpt.obj
 0002:00048390       ??_Gexception@std@@UAEPAXI@Z 0047a390 f i LIBCMTD:stdexcpt.obj
 0002:00048390       ??_Eexception@std@@UAEPAXI@Z 0047a390 f i LIBCMTD:stdexcpt.obj
 0002:000483d0       ?_Copy_str@exception@std@@AAEXPBD@Z 0047a3d0 f   LIBCMTD:stdexcpt.obj
 0002:00048450       ?_Tidy@exception@std@@AAEXXZ 0047a450 f   LIBCMTD:stdexcpt.obj
 0002:000484a0       ?what@exception@std@@UBEPBDXZ 0047a4a0 f   LIBCMTD:stdexcpt.obj
 0002:000484e0       __CxxThrowException@8      0047a4e0 f   LIBCMTD:throw.obj
 0002:000485b0       __fclose_nolock            0047a5b0 f   LIBCMTD:fclose.obj
 0002:00048700       _fclose                    0047a700 f   LIBCMTD:fclose.obj
 0002:00048860       ___lock_fhandle            0047a860 f   LIBCMTD:osfinfo.obj
 0002:00048990       __alloc_osfhnd             0047a990 f   LIBCMTD:osfinfo.obj
 0002:00048ce0       __free_osfhnd              0047ace0 f   LIBCMTD:osfinfo.obj
 0002:00048e00       __get_osfhandle            0047ae00 f   LIBCMTD:osfinfo.obj
 0002:00048fe0       __open_osfhandle           0047afe0 f   LIBCMTD:osfinfo.obj
 0002:00049290       __set_osfhnd               0047b290 f   LIBCMTD:osfinfo.obj
 0002:00049390       __unlock_fhandle           0047b390 f   LIBCMTD:osfinfo.obj
 0002:000493c0       __putwch                   0047b3c0 f   LIBCMTD:putwch.obj
 0002:00049470       __putwch_nolock            0047b470 f   LIBCMTD:putwch.obj
 0002:00049990       __wcstol_l                 0047b990 f   LIBCMTD:wcstol.obj
 0002:000499c0       __wcstoul_l                0047b9c0 f   LIBCMTD:wcstol.obj
 0002:000499f0       _wcstol                    0047b9f0 f   LIBCMTD:wcstol.obj
 0002:00049a20       _wcstoul                   0047ba20 f   LIBCMTD:wcstol.obj
 0002:00049a50       __vprintf_l                0047ba50 f   LIBCMTD:vprintf.obj
 0002:00049a80       __vprintf_p                0047ba80 f   LIBCMTD:vprintf.obj
 0002:00049ab0       __vprintf_p_l              0047bab0 f   LIBCMTD:vprintf.obj
 0002:00049ae0       __vprintf_s_l              0047bae0 f   LIBCMTD:vprintf.obj
 0002:00049b10       _vprintf                   0047bb10 f   LIBCMTD:vprintf.obj
 0002:00049b40       _vprintf_helper            0047bb40 f   LIBCMTD:vprintf.obj
 0002:00049cd0       _vprintf_s                 0047bcd0 f   LIBCMTD:vprintf.obj
 0002:00049d00       __flswbuf                  0047bd00 f   LIBCMTD:_flswbuf.obj
 0002:0004a6e0       __strtol_l                 0047c6e0 f   LIBCMTD:strtol.obj
 0002:0004a710       __strtoul_l                0047c710 f   LIBCMTD:strtol.obj
 0002:0004a740       _strtol                    0047c740 f   LIBCMTD:strtol.obj
 0002:0004a7a0       _strtoul                   0047c7a0 f   LIBCMTD:strtol.obj
 0002:0004a800       __wtoi                     0047c800 f   LIBCMTD:wtox.obj
 0002:0004a820       __wtoi64                   0047c820 f   LIBCMTD:wtox.obj
 0002:0004a840       __wtoi64_l                 0047c840 f   LIBCMTD:wtox.obj
 0002:0004a860       __wtoi_l                   0047c860 f   LIBCMTD:wtox.obj
 0002:0004a880       __wtol                     0047c880 f   LIBCMTD:wtox.obj
 0002:0004a8a0       __wtol_l                   0047c8a0 f   LIBCMTD:wtox.obj
 0002:0004a8c0       __wtoll                    0047c8c0 f   LIBCMTD:wtox.obj
 0002:0004a8e0       __wtoll_l                  0047c8e0 f   LIBCMTD:wtox.obj
 0002:0004a900       _wcschr                    0047c900 f   LIBCMTD:wcschr.obj
 0002:0004aae0       __wcsicmp                  0047cae0 f   LIBCMTD:wcsicmp.obj
 0002:0004ad20       __wcsicmp_l                0047cd20 f   LIBCMTD:wcsicmp.obj
 0002:0004b020       __wcsnicmp                 0047d020 f   LIBCMTD:wcsnicmp.obj
 0002:0004b280       __wcsnicmp_l               0047d280 f   LIBCMTD:wcsnicmp.obj
 0002:0004b580       ?_Name_base@type_info@@CAPBDPBV1@PAU__type_info_node@@@Z 0047d580 f   LIBCMTD:typname.obj
 0002:0004b790       ?_Name_base_internal@type_info@@CAPBDPBV1@PAU__type_info_node@@@Z 0047d790 f   LIBCMTD:typname.obj
 0002:0004b9c0       ?_Type_info_dtor@type_info@@CAXPAV1@@Z 0047d9c0 f   LIBCMTD:typname.obj
 0002:0004bb10       ?_Type_info_dtor_internal@type_info@@CAXPAV1@@Z 0047db10 f   LIBCMTD:typname.obj
 0002:0004bc70       ___clean_type_info_names_internal 0047dc70 f   LIBCMTD:typname.obj
 0002:0004bd50       ___unDNameHelper           0047dd50 f   LIBCMTD:typname.obj
 0002:0004bda0       __close                    0047dda0 f   LIBCMTD:close.obj
 0002:0004c070       __close_nolock             0047e070 f   LIBCMTD:close.obj
 0002:0004c190       __freebuf                  0047e190 f   LIBCMTD:_freebuf.obj
 0002:0004c240       ___termconout              0047e240 f   LIBCMTD:initcon.obj
 0002:0004c270       ___initconout              0047e270 f   LIBCMTD:initcon.obj
 0002:0004c2a0       __wchartodigit             0047e2a0 f   LIBCMTD:wchtodig.obj
 0002:0004cd30       __wcstof_l                 0047ed30 f   LIBCMTD:wcstoq.obj
 0002:0004ce80       __wcstoi64                 0047ee80 f   LIBCMTD:wcstoq.obj
 0002:0004cee0       __wcstoi64_l               0047eee0 f   LIBCMTD:wcstoq.obj
 0002:0004cf10       __wcstoimax_l              0047ef10 f   LIBCMTD:wcstoq.obj
 0002:0004cf40       __wcstold_l                0047ef40 f   LIBCMTD:wcstoq.obj
 0002:0004cf60       __wcstoll_l                0047ef60 f   LIBCMTD:wcstoq.obj
 0002:0004cf90       __wcstoui64                0047ef90 f   LIBCMTD:wcstoq.obj
 0002:0004cff0       __wcstoui64_l              0047eff0 f   LIBCMTD:wcstoq.obj
 0002:0004d020       __wcstoull_l               0047f020 f   LIBCMTD:wcstoq.obj
 0002:0004d050       __wcstoumax_l              0047f050 f   LIBCMTD:wcstoq.obj
 0002:0004d080       _wcstof                    0047f080 f   LIBCMTD:wcstoq.obj
 0002:0004d0a0       _wcstoimax                 0047f0a0 f   LIBCMTD:wcstoq.obj
 0002:0004d0c0       _wcstold                   0047f0c0 f   LIBCMTD:wcstoq.obj
 0002:0004d0e0       _wcstoll                   0047f0e0 f   LIBCMTD:wcstoq.obj
 0002:0004d100       _wcstoull                  0047f100 f   LIBCMTD:wcstoq.obj
 0002:0004d120       _wcstoumax                 0047f120 f   LIBCMTD:wcstoq.obj
 0002:0004d140       __towlower_l               0047f140 f   LIBCMTD:towlower.obj
 0002:0004d2e0       _towlower                  0047f2e0 f   LIBCMTD:towlower.obj
 0002:0004d300       ??0Block@_HeapManager@@QAE@XZ 0047f300 f i LIBCMTD:undname.obj
 0002:0004d320       ??0DName@@QAE@AAPBDD@Z     0047f320 f   LIBCMTD:undname.obj
 0002:0004d690       ??0DName@@QAE@ABV0@@Z      0047f690 f i LIBCMTD:undname.obj
 0002:0004d6c0       ??0DName@@QAE@D@Z          0047f6c0 f   LIBCMTD:undname.obj
 0002:0004d7d0       ??0DName@@QAE@PAV0@@Z      0047f7d0 f   LIBCMTD:undname.obj
 0002:0004d950       ??0DName@@QAE@PBD@Z        0047f950 f   LIBCMTD:undname.obj
 0002:0004da80       ??0DName@@QAE@W4DNameStatus@@@Z 0047fa80 f   LIBCMTD:undname.obj
 0002:0004dbe0       ??0DName@@QAE@XZ           0047fbe0 f i LIBCMTD:undname.obj
 0002:0004dcd0       ??0DName@@QAE@_J@Z         0047fcd0 f   LIBCMTD:undname.obj
 0002:0004deb0       ??0DName@@QAE@_K@Z         0047feb0 f   LIBCMTD:undname.obj
 0002:0004e040       ??0DNameNode@@IAE@XZ       00480040 f   LIBCMTD:undname.obj
 0002:0004e060       ??0DNameStatusNode@@AAE@W4DNameStatus@@@Z 00480060 f   LIBCMTD:undname.obj
 0002:0004e0d0       ??0Replicator@@QAE@XZ      004800d0 f i LIBCMTD:undname.obj
 0002:0004e0f0       ??0UnDecorator@@QAE@PADPBDHP6APADJ@ZK@Z 004800f0 f i LIBCMTD:undname.obj
 0002:0004e1b0       ??0charNode@@QAE@D@Z       004801b0 f   LIBCMTD:undname.obj
 0002:0004e1f0       ??0pDNameNode@@QAE@PAVDName@@@Z 004801f0 f   LIBCMTD:undname.obj
 0002:0004e270       ??0pairNode@@QAE@PAVDNameNode@@0@Z 00480270 f   LIBCMTD:undname.obj
 0002:0004e2c0       ??0pcharNode@@QAE@PBDH@Z   004802c0 f   LIBCMTD:undname.obj
 0002:0004e380       ??2@YAPAXIAAV_HeapManager@@H@Z 00480380 f i LIBCMTD:undname.obj
 0002:0004e3a0       ??4DName@@QAEAAV0@ABV0@@Z  004803a0 f   LIBCMTD:undname.obj
 0002:0004e3d0       ??4DName@@QAEAAV0@D@Z      004803d0 f i LIBCMTD:undname.obj
 0002:0004e4e0       ??4DName@@QAEAAV0@PAV0@@Z  004804e0 f   LIBCMTD:undname.obj
 0002:0004e660       ??4DName@@QAEAAV0@PBD@Z    00480660 f   LIBCMTD:undname.obj
 0002:0004e770       ??4DName@@QAEAAV0@W4DNameStatus@@@Z 00480770 f   LIBCMTD:undname.obj
 0002:0004e8b0       ??AReplicator@@QBE?AVDName@@H@Z 004808b0 f   LIBCMTD:undname.obj
 0002:0004e930       ??BUnDecorator@@QAEPADXZ   00480930 f i LIBCMTD:undname.obj
 0002:0004ec80       ??H@YA?AVDName@@DABV0@@Z   00480c80 f i LIBCMTD:undname.obj
 0002:0004ecc0       ??H@YA?AVDName@@PBDABV0@@Z 00480cc0 f i LIBCMTD:undname.obj
 0002:0004ed00       ??H@YA?AVDName@@W4DNameStatus@@ABV0@@Z 00480d00 f i LIBCMTD:undname.obj
 0002:0004ed40       ??HDName@@QBE?AV0@ABV0@@Z  00480d40 f   LIBCMTD:undname.obj
 0002:0004ed90       ??HDName@@QBE?AV0@D@Z      00480d90 f   LIBCMTD:undname.obj
 0002:0004ede0       ??HDName@@QBE?AV0@PAV0@@Z  00480de0 f   LIBCMTD:undname.obj
 0002:0004ee30       ??HDName@@QBE?AV0@PBD@Z    00480e30 f   LIBCMTD:undname.obj
 0002:0004ee80       ??HDName@@QBE?AV0@W4DNameStatus@@@Z 00480e80 f   LIBCMTD:undname.obj
 0002:0004eed0       ??YDName@@QAEAAV0@ABV0@@Z  00480ed0 f   LIBCMTD:undname.obj
 0002:0004ef50       ??YDName@@QAEAAV0@D@Z      00480f50 f   LIBCMTD:undname.obj
 0002:0004eff0       ??YDName@@QAEAAV0@PAV0@@Z  00480ff0 f   LIBCMTD:undname.obj
 0002:0004f0d0       ??YDName@@QAEAAV0@PBD@Z    004810d0 f   LIBCMTD:undname.obj
 0002:0004f190       ??YDName@@QAEAAV0@W4DNameStatus@@@Z 00481190 f   LIBCMTD:undname.obj
 0002:0004f210       ??YReplicator@@QAEAAV0@ABVDName@@@Z 00481210 f   LIBCMTD:undname.obj
 0002:0004f2c0       ??_5DName@@QAEAAV0@ABV0@@Z 004812c0 f   LIBCMTD:undname.obj
 0002:0004f330       ?Constructor@_HeapManager@@QAEXP6APAXI@ZP6AXPAX@Z@Z 00481330 f i LIBCMTD:undname.obj
 0002:0004f380       ?Destructor@_HeapManager@@QAEXXZ 00481380 f i LIBCMTD:undname.obj
 0002:0004f3e0       ?UScore@UnDecorator@@SAPBDW4Tokens@@@Z 004813e0 f   LIBCMTD:undname.obj
 0002:0004f420       ?append@DName@@AAEXPAVDNameNode@@@Z 00481420 f   LIBCMTD:undname.obj
 0002:0004f4d0       ?composeDeclaration@UnDecorator@@CA?AVDName@@ABV2@@Z 004814d0 f i LIBCMTD:undname.obj
 0002:00051870       ?dbGetString@DName@@QBEPADXZ 00483870 f   LIBCMTD:undname.obj
 0002:000518a0       ?doAccessSpecifiers@UnDecorator@@SAHXZ 004838a0 f i LIBCMTD:undname.obj
 0002:000518d0       ?doAllocationLanguage@UnDecorator@@SAHXZ 004838d0 f i LIBCMTD:undname.obj
 0002:00051900       ?doAllocationModel@UnDecorator@@SAHXZ 00483900 f i LIBCMTD:undname.obj
 0002:00051930       ?doEcsu@UnDecorator@@SAHXZ 00483930 f i LIBCMTD:undname.obj
 0002:00051960       ?doEllipsis@UnDecorator@@SAHXZ 00483960 f i LIBCMTD:undname.obj
 0002:00051990       ?doFunctionReturns@UnDecorator@@SAHXZ 00483990 f i LIBCMTD:undname.obj
 0002:000519c0       ?doMSKeywords@UnDecorator@@SAHXZ 004839c0 f i LIBCMTD:undname.obj
 0002:000519f0       ?doMemberTypes@UnDecorator@@SAHXZ 004839f0 f i LIBCMTD:undname.obj
 0002:00051a20       ?doNameOnly@UnDecorator@@SAHXZ 00483a20 f i LIBCMTD:undname.obj
 0002:00051a40       ?doNoIdentCharCheck@UnDecorator@@SAHXZ 00483a40 f i LIBCMTD:undname.obj
 0002:00051a60       ?doPchar@DName@@AAEXPBDH@Z 00483a60 f   LIBCMTD:undname.obj
 0002:00051bf0       ?doPtr64@UnDecorator@@SAHXZ 00483bf0 f i LIBCMTD:undname.obj
 0002:00051c20       ?doRestrictionSpec@UnDecorator@@SAHXZ 00483c20 f i LIBCMTD:undname.obj
 0002:00051c50       ?doThisTypes@UnDecorator@@SAHXZ 00483c50 f i LIBCMTD:undname.obj
 0002:00051c90       ?doThrowTypes@UnDecorator@@SAHXZ 00483c90 f i LIBCMTD:undname.obj
 0002:00051cc0       ?doTypeOnly@UnDecorator@@SAHXZ 00483cc0 f i LIBCMTD:undname.obj
 0002:00051ce0       ?doUnderScore@UnDecorator@@SAHXZ 00483ce0 f i LIBCMTD:undname.obj
 0002:00051d10       ?getArgumentList@UnDecorator@@CA?AVDName@@XZ 00483d10 f   LIBCMTD:undname.obj
 0002:00051eb0       ?getArgumentTypes@UnDecorator@@CA?AVDName@@XZ 00483eb0 f   LIBCMTD:undname.obj
 0002:00052060       ?getArrayType@UnDecorator@@CA?AVDName@@ABV2@@Z 00484060 f i LIBCMTD:undname.obj
 0002:00052320       ?getBasedType@UnDecorator@@CA?AVDName@@XZ 00484320 f   LIBCMTD:undname.obj
 0002:00052410       ?getBasicDataType@UnDecorator@@CA?AVDName@@ABV2@@Z 00484410 f   LIBCMTD:undname.obj
 0002:00052b40       ?getCallIndex@UnDecorator@@CA?AVDName@@XZ 00484b40 f i LIBCMTD:undname.obj
 0002:00052b60       ?getCallingConvention@UnDecorator@@CA?AVDName@@XZ 00484b60 f   LIBCMTD:undname.obj
 0002:00052d50       ?getDataIndirectType@UnDecorator@@CA?AVDName@@ABV2@PBD0H@Z 00484d50 f   LIBCMTD:undname.obj
 0002:00053630       ?getDataIndirectType@UnDecorator@@CA?AVDName@@XZ 00485630 f i LIBCMTD:undname.obj
 0002:00053680       ?getDataType@UnDecorator@@CA?AVDName@@PAV2@@Z 00485680 f   LIBCMTD:undname.obj
 0002:000537e0       ?getDecoratedName@UnDecorator@@CA?AVDName@@XZ 004857e0 f   LIBCMTD:undname.obj
 0002:00053bd0       ?getDimension@UnDecorator@@CA?AVDName@@_N@Z 00485bd0 f   LIBCMTD:undname.obj
 0002:00053f30       ?getDispatchTarget@UnDecorator@@CA?AVDName@@XZ 00485f30 f   LIBCMTD:undname.obj
 0002:00053ff0       ?getDisplacement@UnDecorator@@CA?AVDName@@XZ 00485ff0 f i LIBCMTD:undname.obj
 0002:00054010       ?getECSUDataType@UnDecorator@@CA?AVDName@@XZ 00486010 f   LIBCMTD:undname.obj
 0002:00054250       ?getECSUName@UnDecorator@@CA?AVDName@@XZ 00486250 f i LIBCMTD:undname.obj
 0002:00054270       ?getEnumType@UnDecorator@@CA?AVDName@@XZ 00486270 f i LIBCMTD:undname.obj
 0002:00054410       ?getExtendedDataIndirectType@UnDecorator@@CA?AVDName@@AAPBDAA_NH@Z 00486410 f   LIBCMTD:undname.obj
 0002:000546f0       ?getExternalDataType@UnDecorator@@CA?AVDName@@ABV2@@Z 004866f0 f i LIBCMTD:undname.obj
 0002:000547b0       ?getFunctionIndirectType@UnDecorator@@CA?AVDName@@ABV2@@Z 004867b0 f   LIBCMTD:undname.obj
 0002:00054d30       ?getGuardNumber@UnDecorator@@CA?AVDName@@XZ 00486d30 f i LIBCMTD:undname.obj
 0002:00054d50       ?getLastChar@DName@@QBEDXZ 00486d50 f i LIBCMTD:undname.obj
 0002:00054d90       ?getLastChar@DNameStatusNode@@UBEDXZ 00486d90 f i LIBCMTD:undname.obj
 0002:00054dd0       ?getLastChar@charNode@@UBEDXZ 00486dd0 f i LIBCMTD:undname.obj
 0002:00054df0       ?getLastChar@pDNameNode@@UBEDXZ 00486df0 f i LIBCMTD:undname.obj
 0002:00054e30       ?getLastChar@pairNode@@UBEDXZ 00486e30 f i LIBCMTD:undname.obj
 0002:00054e90       ?getLastChar@pcharNode@@UBEDXZ 00486e90 f i LIBCMTD:undname.obj
 0002:00054ed0       ?getLexicalFrame@UnDecorator@@CA?AVDName@@XZ 00486ed0 f i LIBCMTD:undname.obj
 0002:00054f20       ?getMemory@_HeapManager@@QAEPAXIH@Z 00486f20 f   LIBCMTD:undname.obj
 0002:00055070       ?getNumberOfDimensions@UnDecorator@@CAHXZ 00487070 f   LIBCMTD:undname.obj
 0002:000551b0       ?getOperatorName@UnDecorator@@CA?AVDName@@_NPA_N@Z 004871b0 f i LIBCMTD:undname.obj
 0002:00055da0       ?getPointerType@UnDecorator@@CA?AVDName@@ABV2@0@Z 00487da0 f i LIBCMTD:undname.obj
 0002:00055de0       ?getPointerTypeArray@UnDecorator@@CA?AVDName@@ABV2@0@Z 00487de0 f i LIBCMTD:undname.obj
 0002:00055e20       ?getPrimaryDataType@UnDecorator@@CA?AVDName@@ABV2@@Z 00487e20 f   LIBCMTD:undname.obj
 0002:000562a0       ?getPtrRefDataType@UnDecorator@@CA?AVDName@@ABV2@H@Z 004882a0 f i LIBCMTD:undname.obj
 0002:00056430       ?getPtrRefType@UnDecorator@@CA?AVDName@@ABV2@0PBD@Z 00488430 f   LIBCMTD:undname.obj
 0002:00056600       ?getReferenceType@UnDecorator@@CA?AVDName@@ABV2@0PBD@Z 00488600 f i LIBCMTD:undname.obj
 0002:00056630       ?getRestrictionSpec@UnDecorator@@CA?AVDName@@XZ 00488630 f   LIBCMTD:undname.obj
 0002:000567d0       ?getReturnType@UnDecorator@@CA?AVDName@@PAV2@@Z 004887d0 f   LIBCMTD:undname.obj
 0002:00056830       ?getScope@UnDecorator@@CA?AVDName@@XZ 00488830 f   LIBCMTD:undname.obj
 0002:00056e60       ?getScopedName@UnDecorator@@CA?AVDName@@XZ 00488e60 f   LIBCMTD:undname.obj
 0002:00056fc0       ?getSignedDimension@UnDecorator@@CA?AVDName@@XZ 00488fc0 f   LIBCMTD:undname.obj
 0002:00057060       ?getStorageConvention@UnDecorator@@CA?AVDName@@XZ 00489060 f i LIBCMTD:undname.obj
 0002:00057080       ?getString@DName@@QBEPADPAD0@Z 00489080 f i LIBCMTD:undname.obj
 0002:000570d0       ?getString@DName@@QBEPADPADH@Z 004890d0 f i LIBCMTD:undname.obj
 0002:00057180       ?getString@DNameStatusNode@@UBEPADPAD0@Z 00489180 f i LIBCMTD:undname.obj
 0002:000571c0       ?getString@charNode@@UBEPADPAD0@Z 004891c0 f i LIBCMTD:undname.obj
 0002:00057200       ?getString@pDNameNode@@UBEPADPAD0@Z 00489200 f i LIBCMTD:undname.obj
 0002:00057250       ?getString@pairNode@@UBEPADPAD0@Z 00489250 f i LIBCMTD:undname.obj
 0002:000572c0       ?getString@pcharNode@@UBEPADPAD0@Z 004892c0 f i LIBCMTD:undname.obj
 0002:00057300       ?getStringEncoding@UnDecorator@@CA?AVDName@@PADH@Z 00489300 f   LIBCMTD:undname.obj
 0002:00057450       ?getStringHelper@@YAPADPAD00H@Z 00489450 f i LIBCMTD:undname.obj
 0002:000574a0       ?getSymbolName@UnDecorator@@CA?AVDName@@XZ 004894a0 f i LIBCMTD:undname.obj
 0002:00057550       ?getTemplateArgumentList@UnDecorator@@CA?AVDName@@XZ 00489550 f   LIBCMTD:undname.obj
 0002:00057930       ?getTemplateConstant@UnDecorator@@CA?AVDName@@XZ 00489930 f   LIBCMTD:undname.obj
 0002:00057f60       ?getTemplateName@UnDecorator@@CA?AVDName@@_N@Z 00489f60 f   LIBCMTD:undname.obj
 0002:000581a0       ?getThisType@UnDecorator@@CA?AVDName@@XZ 0048a1a0 f i LIBCMTD:undname.obj
 0002:000581f0       ?getThrowTypes@UnDecorator@@CA?AVDName@@XZ 0048a1f0 f   LIBCMTD:undname.obj
 0002:000582c0       ?getTypeEncoding@UnDecorator@@CAHXZ 0048a2c0 f i LIBCMTD:undname.obj
 0002:00058f90       ?getVCallThunkType@UnDecorator@@CA?AVDName@@XZ 0048af90 f i LIBCMTD:undname.obj
 0002:00059010       ?getVbTableType@UnDecorator@@CA?AVDName@@ABV2@@Z 0048b010 f i LIBCMTD:undname.obj
 0002:00059030       ?getVdispMapType@UnDecorator@@CA?AVDName@@ABV2@@Z 0048b030 f i LIBCMTD:undname.obj
[...]
 0004:00002ebc       ___lconv_static_null       004aeebc     LIBCMTD:lconv.obj
 0004:00002ec0       ___lconv_static_W_null     004aeec0     LIBCMTD:lconv.obj
 0004:00002ec4       ___locale_changed          004aeec4     LIBCMTD:wsetloca.obj
 0004:00002ec8       ?g_OutOfMemoryExceptionCallback@@3P6GPAXXZA 004aeec8     LIBCMTD:frame.obj
 0004:00002edc       ?pArgList@UnDecorator@@0PAVReplicator@@A 004aeedc     LIBCMTD:undname.obj
 0004:00002ee0       ?pZNameList@UnDecorator@@0PAVReplicator@@A 004aeee0     LIBCMTD:undname.obj
 0004:00002ee4       ?pTemplateArgList@UnDecorator@@0PAVReplicator@@A 004aeee4     LIBCMTD:undname.obj
 0004:00002ee8       ?gName@UnDecorator@@0PBDB  004aeee8     LIBCMTD:undname.obj
 0004:00002eec       ?name@UnDecorator@@0PBDB   004aeeec     LIBCMTD:undname.obj
 0004:00002ef0       ?outputString@UnDecorator@@0PADA 004aeef0     LIBCMTD:undname.obj
 0004:00002ef4       ?maxStringLength@UnDecorator@@0HA 004aeef4     LIBCMTD:undname.obj
 0004:00002ef8       ?disableFlags@UnDecorator@@0KA 004aeef8     LIBCMTD:undname.obj
 0004:00002efc       ?fExplicitTemplateParams@UnDecorator@@0_NA 004aeefc     LIBCMTD:undname.obj
 0004:00002efd       ?fGetTemplateArgumentList@UnDecorator@@0_NA 004aeefd     LIBCMTD:undname.obj
 0004:00002f00       ?m_pGetParameter@UnDecorator@@0P6APADJ@ZA 004aef00     LIBCMTD:undname.obj
 0004:00002f88       ?nodes@?1??make@DNameStatusNode@@SAPAV2@W4DNameStatus@@@Z@4PAV2@A 004aef88     LIBCMTD:undname.obj
 0004:00002fc4       ??_B?1??make@DNameStatusNode@@SAPAV1@W4DNameStatus@@@Z@51 004aefc4     LIBCMTD:undname.obj
 0004:00002fc8       ___fastflag                004aefc8     LIBCMTD:fpinit.obj
 0004:00002fcc       __outputformat             004aefcc     LIBCMTD:outputformat.obj
 0004:00002fd0       _hWin                      004aefd0     <common>
 0004:000031a0       _hDisp                     004af1a0     <common>
 0004:000031c0       _BestMove                  004af1c0     <common>
 0004:000031e0       _depth                     004af1e0     <common>
 0004:000031e8       _MousePos                  004af1e8     <common>
 0004:000031f0       _hAccel                    004af1f0     <common>
 0004:00003200       _szHelpFile                004af200     <common>
 0004:00003220       _szNoPass                  004af220     <common>
 0004:000032c0       _szIllegal                 004af2c0     <common>
 0004:00003360       _szAbout                   004af360     <common>
 0004:000033a0       _szLossPost                004af3a0     <common>
 0004:000033e0       _szWonPost                 004af3e0     <common>
 0004:00003420       _szWon                     004af420     <common>
 0004:00003460       _szLoss                    004af460     <common>
 0004:000034a0       _szTie                     004af4a0     <common>
 0004:000034e0       _szMustPass                004af4e0     <common>
 0004:00003520       _szPass                    004af520     <common>
 0004:00003560       _szReversiPractice         004af560     <common>
 0004:000035c0       _szReversi                 004af5c0     <common>
 0004:000035e8       _ffirstmove                004af5e8     <common>
 0004:000035ec       _dimension                 004af5ec     <common>
 0004:000035f0       _TXMIN                     004af5f0     <common>
 0004:000035f4       _COLOR                     004af5f4     <common>
 0004:000035f8       _ASPECT                    004af5f8     <common>
 0004:000035fc       _By                        004af5fc     <common>
 0004:00003600       _Bx                        004af600     <common>
 0004:00003604       _yExt                      004af604     <common>
 0004:00003608       _xExt                      004af608     <common>
 0004:00003620       _strBuf                    004af620     <common>
 0004:000036c0       _xscr                      004af6c0     <common>
 0004:000036c4       _charwidth                 004af6c4     <common>
 0004:000036c8       _charheight                004af6c8     <common>
 0004:000036cc       _MessageOn                 004af6cc     <common>
 0004:000036d0       _count                     004af6d0     <common>
 0004:000036d4       _flashtimes                004af6d4     <common>
 0004:000036d8       _fPass                     004af6d8     <common>
 0004:000036e0       _board                     004af6e0     <common>
 0004:00003a00       _prevCheck                 004afa00     <common>
 0004:00003a04       _curBlank                  004afa04     <common>
 0004:00003a08       _curThink                  004afa08     <common>
 0004:00003a0c       _curLegal                  004afa0c     <common>
 0004:00003a10       _curIllegal                004afa10     <common>
 0004:00003a14       _hInst                     004afa14     <common>
 0004:00003a18       _hbrComputer               004afa18     <common>
 0004:00003a1c       _hbrHuman                  004afa1c     <common>
 0004:00003a20       _hbrBlue                   004afa20     <common>
 0004:00003a24       _hbrGreen                  004afa24     <common>
 0004:00003a28       _hbrRed                    004afa28     <common>
 0004:00003a2c       _hbrWhite                  004afa2c     <common>
 0004:00003a30       _hbrPat                    004afa30     <common>
 0004:00003a34       _hbrBlack                  004afa34     <common>
 0004:00003a40       _settings                  004afa40     <common>
 0004:00003b1c       _pDisplayMessage           004afb1c     <common>
 0004:00003b20       ___unguarded_readlc_active 004afb20     <common>
 0004:00003b30       ___setlc_active            004afb30     <common>
 0004:00003b40       __bufin                    004afb40     <common>
 0004:00004e7c       ___piob                    004b0e7c     <common>
 0004:00004e80       __nstream                  004b0e80     <common>
 0004:00004e84       __pReportHookListW         004b0e84     <common>
 0004:00004e94       __pReportHookList          004b0e94     <common>
 0004:00004e98       __pfnReportHook            004b0e98     <common>
 0004:00004e9c       __debugger_hook_dummy      004b0e9c     <common>
 0004:00004ea8       __nhandle                  004b0ea8     <common>
 0004:00004ec0       _encodedKERNEL32Functions  004b0ec0     <common>
 0004:00004f68       __wcmdln                   004b0f68     <common>
 0004:00004f74       ___dyn_tls_init_callback   004b0f74     <common>
 0004:00004f84       ___onexitend               004b0f84     <common>
 0004:00004f88       ___onexitbegin             004b0f88     <common>
 0004:00004f8c       ___mbctype_initialized     004b0f8c     <common>
 0004:00004f90       ___env_initialized         004b0f90     <common>
 0005:00000000       __imp__RegOpenKeyExA@20    004b1000     advapi32:ADVAPI32.dll
 0005:00000004       __imp__RegCloseKey@4       004b1004     advapi32:ADVAPI32.dll
 0005:00000008       __imp__RegQueryValueExA@24 004b1008     advapi32:ADVAPI32.dll
 0005:0000000c       \177ADVAPI32_NULL_THUNK_DATA 004b100c     advapi32:ADVAPI32.dll
 0005:00000038       __imp__GetTextMetricsW@8   004b1038     gdi32:GDI32.dll
 0005:0000003c       __imp__SetBkMode@8         004b103c     gdi32:GDI32.dll
 0005:00000040       __imp__SetBkColor@8        004b1040     gdi32:GDI32.dll
 0005:00000044       __imp__SelectObject@8      004b1044     gdi32:GDI32.dll
 0005:00000048       __imp__PatBlt@24           004b1048     gdi32:GDI32.dll
 0005:0000004c       __imp__LineTo@12           004b104c     gdi32:GDI32.dll
 0005:00000050       __imp__GetStockObject@4    004b1050     gdi32:GDI32.dll
 0005:00000054       __imp__Ellipse@20          004b1054     gdi32:GDI32.dll
 0005:00000058       __imp__DeleteObject@4      004b1058     gdi32:GDI32.dll
 0005:0000005c       __imp__CreateSolidBrush@4  004b105c     gdi32:GDI32.dll
 0005:00000060       __imp__CreatePatternBrush@4 004b1060     gdi32:GDI32.dll
 0005:00000064       __imp__MoveToEx@16         004b1064     gdi32:GDI32.dll
 0005:00000068       \177GDI32_NULL_THUNK_DATA  004b1068     gdi32:GDI32.dll
 0005:0000009c       __imp__LCMapStringW@24     004b109c     kernel32:KERNEL32.dll
 0005:000000a0       __imp__CompareStringW@24   004b10a0     kernel32:KERNEL32.dll
 0005:000000a4       __imp__GetTimeFormatW@24   004b10a4     kernel32:KERNEL32.dll
 0005:000000a8       __imp__GetDateFormatW@24   004b10a8     kernel32:KERNEL32.dll
 0005:000000ac       __imp__HeapQueryInformation@20 004b10ac     kernel32:KERNEL32.dll
 0005:000000b0       __imp__HeapSize@12         004b10b0     kernel32:KERNEL32.dll
 0005:000000b4       __imp__HeapReAlloc@16      004b10b4     kernel32:KERNEL32.dll
 0005:000000b8       __imp__WriteConsoleW@20    004b10b8     kernel32:KERNEL32.dll
 0005:000000bc       __imp__OutputDebugStringA@4 004b10bc     kernel32:KERNEL32.dll
 0005:000000c0       __imp__CreateThread@24     004b10c0     kernel32:KERNEL32.dll
 0005:000000c4       __imp__WaitForSingleObjectEx@12 004b10c4     kernel32:KERNEL32.dll
 0005:000000c8       __imp__OutputDebugStringW@4 004b10c8     kernel32:KERNEL32.dll
 0005:000000cc       __imp__GetModuleFileNameA@12 004b10cc     kernel32:KERNEL32.dll
 0005:000000d0       __imp__VirtualQuery@12     004b10d0     kernel32:KERNEL32.dll
 0005:000000d4       __imp__HeapFree@12         004b10d4     kernel32:KERNEL32.dll
 0005:000000d8       __imp__HeapAlloc@12        004b10d8     kernel32:KERNEL32.dll
 0005:000000dc       __imp__FreeEnvironmentStringsW@4 004b10dc     kernel32:KERNEL32.dll
 0005:000000e0       __imp__GetEnvironmentStringsW@0 004b10e0     kernel32:KERNEL32.dll
 0005:000000e4       __imp__GetLocaleInfoW@16   004b10e4     kernel32:KERNEL32.dll
 0005:000000e8       __imp__GetCurrentProcessId@0 004b10e8     kernel32:KERNEL32.dll
 0005:000000ec       __imp__QueryPerformanceCounter@4 004b10ec     kernel32:KERNEL32.dll
 0005:000000f0       __imp__GetFileType@4       004b10f0     kernel32:KERNEL32.dll
 0005:000000f4       __imp__GetProcessHeap@0    004b10f4     kernel32:KERNEL32.dll
 0005:000000f8       __imp__GetCurrentThreadId@0 004b10f8     kernel32:KERNEL32.dll
 0005:000000fc       __imp__GetCurrentThread@0  004b10fc     kernel32:KERNEL32.dll
 0005:00000100       __imp__GetCPInfo@8         004b1100     kernel32:KERNEL32.dll
 0005:00000104       __imp__GetOEMCP@0          004b1104     kernel32:KERNEL32.dll
 0005:00000108       __imp__GetACP@0            004b1108     kernel32:KERNEL32.dll
 0005:0000010c       __imp__IsValidCodePage@4   004b110c     kernel32:KERNEL32.dll
 0005:00000110       __imp__FreeLibrary@4       004b1110     kernel32:KERNEL32.dll
 0005:00000114       __imp__SetConsoleCtrlHandler@8 004b1114     kernel32:KERNEL32.dll
 0005:00000118       __imp__GetSystemInfo@4     004b1118     kernel32:KERNEL32.dll
 0005:0000011c       __imp__HeapValidate@12     004b111c     kernel32:KERNEL32.dll
 0005:00000120       __imp__GetModuleFileNameW@12 004b1120     kernel32:KERNEL32.dll
 0005:00000124       __imp__WriteFile@20        004b1124     kernel32:KERNEL32.dll
 0005:00000128       __imp__GetStdHandle@4      004b1128     kernel32:KERNEL32.dll
 0005:0000012c       __imp__CreateSemaphoreW@16 004b112c     kernel32:KERNEL32.dll
 0005:00000130       __imp__GetModuleHandleW@4  004b1130     kernel32:KERNEL32.dll
 0005:00000134       __imp__IsValidLocale@8     004b1134     kernel32:KERNEL32.dll
 0005:00000138       __imp__GetUserDefaultLCID@0 004b1138     kernel32:KERNEL32.dll
 0005:0000013c       __imp__EnumSystemLocalesW@8 004b113c     kernel32:KERNEL32.dll
 0005:00000140       __imp__RtlUnwind@16        004b1140     kernel32:KERNEL32.dll
 0005:00000144       __imp__GetStringTypeW@16   004b1144     kernel32:KERNEL32.dll
 0005:00000148       __imp__FlushFileBuffers@4  004b1148     kernel32:KERNEL32.dll
 0005:0000014c       __imp__GetConsoleCP@0      004b114c     kernel32:KERNEL32.dll
 0005:00000150       __imp__GetConsoleMode@8    004b1150     kernel32:KERNEL32.dll
 0005:00000154       __imp__SetFilePointerEx@20 004b1154     kernel32:KERNEL32.dll
 0005:00000158       __imp__SetStdHandle@8      004b1158     kernel32:KERNEL32.dll
 0005:0000015c       __imp__CloseHandle@4       004b115c     kernel32:KERNEL32.dll
 0005:00000160       __imp__ExpandEnvironmentStringsA@12 004b1160     kernel32:KERNEL32.dll
 0005:00000164       __imp__GetProcAddress@8    004b1164     kernel32:KERNEL32.dll
 0005:00000168       __imp__LoadLibraryExA@12   004b1168     kernel32:KERNEL32.dll
 0005:0000016c       __imp__GetSystemTimeAsFileTime@4 004b116c     kernel32:KERNEL32.dll
 0005:00000170       __imp__GetSystemDefaultLangID@0 004b1170     kernel32:KERNEL32.dll
 0005:00000174       __imp__EncodePointer@4     004b1174     kernel32:KERNEL32.dll
 0005:00000178       __imp__DecodePointer@4     004b1178     kernel32:KERNEL32.dll
 0005:0000017c       __imp__GetLastError@0      004b117c     kernel32:KERNEL32.dll
 0005:00000180       __imp__ExitProcess@4       004b1180     kernel32:KERNEL32.dll
 0005:00000184       __imp__GetModuleHandleExW@12 004b1184     kernel32:KERNEL32.dll
 0005:00000188       __imp__AreFileApisANSI@0   004b1188     kernel32:KERNEL32.dll
 0005:0000018c       __imp__MultiByteToWideChar@24 004b118c     kernel32:KERNEL32.dll
 0005:00000190       __imp__WideCharToMultiByte@32 004b1190     kernel32:KERNEL32.dll
 0005:00000194       __imp__GetCommandLineW@0   004b1194     kernel32:KERNEL32.dll
 0005:00000198       __imp__IsDebuggerPresent@0 004b1198     kernel32:KERNEL32.dll
 0005:0000019c       __imp__IsProcessorFeaturePresent@4 004b119c     kernel32:KERNEL32.dll
 0005:000001a0       __imp__RaiseException@16   004b11a0     kernel32:KERNEL32.dll
 0005:000001a4       __imp__LoadLibraryExW@12   004b11a4     kernel32:KERNEL32.dll
 0005:000001a8       __imp__EnterCriticalSection@4 004b11a8     kernel32:KERNEL32.dll
 0005:000001ac       __imp__LeaveCriticalSection@4 004b11ac     kernel32:KERNEL32.dll
 0005:000001b0       __imp__DeleteCriticalSection@4 004b11b0     kernel32:KERNEL32.dll
 0005:000001b4       __imp__FatalAppExitA@8     004b11b4     kernel32:KERNEL32.dll
 0005:000001b8       __imp__UnhandledExceptionFilter@4 004b11b8     kernel32:KERNEL32.dll
 0005:000001bc       __imp__SetUnhandledExceptionFilter@4 004b11bc     kernel32:KERNEL32.dll
 0005:000001c0       __imp__SetLastError@4      004b11c0     kernel32:KERNEL32.dll
 0005:000001c4       __imp__InitializeCriticalSectionAndSpinCount@8 004b11c4     kernel32:KERNEL32.dll
 0005:000001c8       __imp__CreateEventW@16     004b11c8     kernel32:KERNEL32.dll
 0005:000001cc       __imp__Sleep@4             004b11cc     kernel32:KERNEL32.dll
 0005:000001d0       __imp__GetCurrentProcess@0 004b11d0     kernel32:KERNEL32.dll
 0005:000001d4       __imp__TerminateProcess@8  004b11d4     kernel32:KERNEL32.dll
 0005:000001d8       __imp__TlsAlloc@0          004b11d8     kernel32:KERNEL32.dll
 0005:000001dc       __imp__TlsGetValue@4       004b11dc     kernel32:KERNEL32.dll
 0005:000001e0       __imp__TlsSetValue@8       004b11e0     kernel32:KERNEL32.dll
 0005:000001e4       __imp__TlsFree@4           004b11e4     kernel32:KERNEL32.dll
 0005:000001e8       __imp__GetStartupInfoW@4   004b11e8     kernel32:KERNEL32.dll
 0005:000001ec       __imp__GetTickCount@0      004b11ec     kernel32:KERNEL32.dll
 0005:000001f0       __imp__CreateFileW@28      004b11f0     kernel32:KERNEL32.dll
 0005:000001f4       \177KERNEL32_NULL_THUNK_DATA 004b11f4     kernel32:KERNEL32.dll
 0005:00000264       __imp__ChangeDisplaySettingsExW@20 004b1264     user32:USER32.dll
 0005:00000268       __imp__LoadIconW@8         004b1268     user32:USER32.dll
 0005:0000026c       __imp__LoadCursorW@8       004b126c     user32:USER32.dll
 0005:00000270       __imp__LoadBitmapW@8       004b1270     user32:USER32.dll
 0005:00000274       __imp__GetDesktopWindow@0  004b1274     user32:USER32.dll
 0005:00000278       __imp__ClientToScreen@8    004b1278     user32:USER32.dll
 0005:0000027c       __imp__SetCursor@4         004b127c     user32:USER32.dll
 0005:00000280       __imp__SetCursorPos@8      004b1280     user32:USER32.dll
 0005:00000284       __imp__ShowCursor@4        004b1284     user32:USER32.dll
 0005:00000288       __imp__MessageBoxExW@20    004b1288     user32:USER32.dll
 0005:0000028c       __imp__GetWindowRect@8     004b128c     user32:USER32.dll
 0005:00000290       __imp__GetClientRect@8     004b1290     user32:USER32.dll
 0005:00000294       __imp__SetWindowTextW@8    004b1294     user32:USER32.dll
 0005:00000298       __imp__RedrawWindow@16     004b1298     user32:USER32.dll
 0005:0000029c       __imp__InvalidateRect@12   004b129c     user32:USER32.dll
 0005:000002a0       __imp__EndPaint@8          004b12a0     user32:USER32.dll
 0005:000002a4       __imp__BeginPaint@8        004b12a4     user32:USER32.dll
 0005:000002a8       __imp__UpdateWindow@4      004b12a8     user32:USER32.dll
 0005:000002ac       __imp__EnableMenuItem@12   004b12ac     user32:USER32.dll
 0005:000002b0       __imp__CheckMenuItem@12    004b12b0     user32:USER32.dll
 0005:000002b4       __imp__GetMenu@4           004b12b4     user32:USER32.dll
 0005:000002b8       __imp__GetSystemMetrics@4  004b12b8     user32:USER32.dll
 0005:000002bc       __imp__TranslateAcceleratorW@12 004b12bc     user32:USER32.dll
 0005:000002c0       __imp__LoadAcceleratorsW@8 004b12c0     user32:USER32.dll
 0005:000002c4       __imp__KillTimer@8         004b12c4     user32:USER32.dll
 0005:000002c8       __imp__SetTimer@16         004b12c8     user32:USER32.dll
 0005:000002cc       __imp__ReleaseCapture@0    004b12cc     user32:USER32.dll
 0005:000002d0       __imp__SetCapture@4        004b12d0     user32:USER32.dll
 0005:000002d4       __imp__GetKeyState@4       004b12d4     user32:USER32.dll
 0005:000002d8       __imp__SetFocus@4          004b12d8     user32:USER32.dll
 0005:000002dc       __imp__EndDialog@8         004b12dc     user32:USER32.dll
 0005:000002e0       __imp__DialogBoxParamW@20  004b12e0     user32:USER32.dll
 0005:000002e4       __imp__IsIconic@4          004b12e4     user32:USER32.dll
 0005:000002e8       __imp__ShowWindowAsync@8   004b12e8     user32:USER32.dll
 0005:000002ec       __imp__CreateWindowExW@48  004b12ec     user32:USER32.dll
 0005:000002f0       __imp__GetClassInfoExW@12  004b12f0     user32:USER32.dll
 0005:000002f4       __imp__RegisterClassExW@4  004b12f4     user32:USER32.dll
 0005:000002f8       __imp__PostQuitMessage@4   004b12f8     user32:USER32.dll
 0005:000002fc       __imp__DefWindowProcW@16   004b12fc     user32:USER32.dll
 0005:00000300       __imp__PostMessageW@16     004b1300     user32:USER32.dll
 0005:00000304       __imp__SendMessageW@16     004b1304     user32:USER32.dll
 0005:00000308       __imp__PeekMessageW@20     004b1308     user32:USER32.dll
 0005:0000030c       __imp__DispatchMessageW@4  004b130c     user32:USER32.dll
 0005:00000310       __imp__TranslateMessage@4  004b1310     user32:USER32.dll
 0005:00000314       __imp__GetMessageW@16      004b1314     user32:USER32.dll
 0005:00000318       __imp__LoadStringW@16      004b1318     user32:USER32.dll
 0005:0000031c       __imp__GetWindowRgn@8      004b131c     user32:USER32.dll
 0005:00000320       __imp__ReleaseDC@8         004b1320     user32:USER32.dll
 0005:00000324       __imp__GetDCEx@12          004b1324     user32:USER32.dll
 0005:00000328       \177USER32_NULL_THUNK_DATA 004b1328     user32:USER32.dll
 0005:00000378       __IMPORT_DESCRIPTOR_KERNEL32 004b1378     kernel32:KERNEL32.dll
 0005:0000038c       __IMPORT_DESCRIPTOR_USER32 004b138c     user32:USER32.dll
 0005:000003a0       __IMPORT_DESCRIPTOR_GDI32  004b13a0     gdi32:GDI32.dll
 0005:000003b4       __IMPORT_DESCRIPTOR_ADVAPI32 004b13b4     advapi32:ADVAPI32.dll
 0005:000003c8       __NULL_IMPORT_DESCRIPTOR   004b13c8     kernel32:KERNEL32.dll

 Exports

  ordinal    name

